Component: ARM Compiler 5.06 update 6 (build 750) Tool: armlink [4d35ed]

==============================================================================

Section Cross References

    main.o(.text) refers to ece210_api.o(.text) for ece210_lcd_add_msg
    main.o(.text) refers to rand.o(.text) for rand
    main.o(.text) refers to printf8.o(i.__0sprintf$8) for __2sprintf
    main.o(.text) refers to main.o(.data) for status
    main.o(.text) refers to interrupts.o(.data) for AlertButtons
    main.o(.text) refers to lab_buttons.o(.text) for btn_right_pressed
    main.o(.data) refers to main.o(.conststring) for .conststring
    lab_buttons.o(.text) refers to ece210_api.o(.text) for ece210_buttons_read
    startup_tm4c123.o(RESET) refers to startup_tm4c123.o(STACK) for __initial_sp
    startup_tm4c123.o(RESET) refers to startup_tm4c123.o(.text) for Reset_Handler
    startup_tm4c123.o(RESET) refers to ece210_api.o(.text) for GPIOE_Handler
    startup_tm4c123.o(RESET) refers to serial_debug.o(.text) for UART0_Handler
    startup_tm4c123.o(RESET) refers to ps2.o(.text) for ADC0SS0_Handler
    startup_tm4c123.o(RESET) refers to interrupts.o(.text) for GPIOF_Handler
    startup_tm4c123.o(RESET) refers to mezz_audio.o(.text) for TIMER3A_Handler
    startup_tm4c123.o(.text) refers to system_tm4c123.o(.text) for SystemInit
    startup_tm4c123.o(.text) refers to entry.o(.ARM.Collect$$$$00000000) for __main
    system_tm4c123.o(.text) refers to system_tm4c123.o(.data) for SystemCoreClock
    interrupts.o(.text) refers to interrupts.o(.data) for AlertTouch
    ece210_api.o(.text) refers to io_expander.o(.text) for io_expander_read_reg
    ece210_api.o(.text) refers to ws2812b_1.o(FLASH) for WS2812B_write
    ece210_api.o(.text) refers to gptimer.o(.text) for gp_timer_set_32_bit_period
    ece210_api.o(.text) refers to ps2.o(.text) for ps2_get_x
    ece210_api.o(.text) refers to mezz_audio.o(.text) for mezz_audio_set_comparator_threshold
    ece210_api.o(.text) refers to lcd.o(.text) for lcd_draw_rectangle
    ece210_api.o(.text) refers to lcd_fonts.o(.text) for lcd_print_string
    ece210_api.o(.text) refers to wireless.o(.text) for wireless_configure_device
    ece210_api.o(.text) refers to serial_debug.o(.text) for init_serial_debug
    ece210_api.o(.text) refers to launchpad_io.o(.text) for lp_io_init
    ece210_api.o(.text) refers to ft6x06.o(.text) for ft6x06_init
    ece210_api.o(.text) refers to lcd_terminal.o(.text) for terminal_init_screen
    ece210_api.o(.text) refers to ece210_api.o(.bss) for ws2812_leds
    ece210_api.o(.text) refers to ece210_api.o(.data) for DELAY_1MS
    ece210_api.o(.text) refers to lcd_fonts.o(.constdata) for calibri_14ptFontInfo
    ece210_api.o(.text) refers to mezz_audio.o(.data) for AUDIO_DATA
    ft6x06.o(.text) refers to i2c.o(.text) for I2CMasterBusy
    ft6x06.o(.text) refers to gpio_port.o(.text) for gpio_enable_port
    ft6x06.o(.text) refers to printf8.o(i.__0printf$8) for __2printf
    io_expander.o(.text) refers to i2c.o(.text) for i2cSetSlaveAddr
    io_expander.o(.text) refers to gpio_port.o(.text) for gpio_enable_port
    lcd.o(.text) refers to gpio_port.o(.text) for gpio_enable_port
    lcd_fonts.o(.text) refers to lcd.o(.text) for lcd_draw_char
    lcd_terminal.o(.text) refers to lcd.o(.text) for lcd_draw_box
    lcd_terminal.o(.text) refers to lcd_fonts.o(.text) for lcd_print_string
    lcd_terminal.o(.text) refers to memseta.o(.text) for __aeabi_memclr
    lcd_terminal.o(.text) refers to strcpy.o(.text) for strcpy
    lcd_terminal.o(.text) refers to malloc.o(i.malloc) for malloc
    lcd_terminal.o(.text) refers to malloc.o(i.free) for free
    lcd_terminal.o(.text) refers to lcd_fonts.o(.constdata) for calibri_14ptFontInfo
    lcd_terminal.o(.text) refers to lcd_terminal.o(.bss) for LCD_Terminal
    lcd_terminal.o(.text) refers to lcd_terminal.o(.data) for User_Input_Index
    ps2.o(.text) refers to gpio_port.o(.text) for gpio_enable_port
    ps2.o(.text) refers to gptimer.o(.text) for gp_timer_config
    ps2.o(.text) refers to ps2.o(.data) for PS2_X_DATA
    serial_debug.o(.text) refers to pc_buffer.o(.text) for pc_buffer_empty
    serial_debug.o(.text) refers to ece210_api.o(.text) for DisableInterrupts
    serial_debug.o(.text) refers to uart.o(.text) for uart_tx_poll
    serial_debug.o(.text) refers to gpio_port.o(.text) for gpio_enable_port
    serial_debug.o(.text) refers to serial_debug.o(.data) for Tx_Interrupts_Enabled
    serial_debug.o(.text) refers to serial_debug.o(.bss) for UART0_Tx_Buffer
    serial_debug.o(.text) refers to stdout.o(.data) for __stdout
    wireless.o(.text) refers to spi.o(.text) for spiTx
    wireless.o(.text) refers to gpio_port.o(.text) for gpio_enable_port
    wireless.o(.data) refers to wireless.o(.conststring) for .conststring
    mezz_audio.o(.text) refers to adc.o(.text) for adc_get_rcgc_mask
    mezz_audio.o(.text) refers to gpio_port.o(.text) for gpio_enable_port
[...]
    printf4.o(i.__0vsnprintf$4) refers to printf4.o(i._snputc) for _snputc
    printf4.o(i.__0vsprintf$4) refers to printf4.o(i._printf_core) for _printf_core
    printf4.o(i.__0vsprintf$4) refers to printf4.o(i._sputc) for _sputc
    printf4.o(i._printf_core) refers to uldiv.o(.text) for __aeabi_uldivmod
    printf5.o(i.__0fprintf$5) refers to printf5.o(i._printf_core) for _printf_core
    printf5.o(i.__0fprintf$5) refers to serial_debug.o(.text) for fputc
    printf5.o(i.__0printf$5) refers to printf5.o(i._printf_core) for _printf_core
    printf5.o(i.__0printf$5) refers to serial_debug.o(.text) for fputc
    printf5.o(i.__0printf$5) refers to stdout.o(.data) for __stdout
    printf5.o(i.__0snprintf$5) refers to printf5.o(i._printf_core) for _printf_core
    printf5.o(i.__0snprintf$5) refers to printf5.o(i._snputc) for _snputc
    printf5.o(i.__0sprintf$5) refers to printf5.o(i._printf_core) for _printf_core
    printf5.o(i.__0sprintf$5) refers to printf5.o(i._sputc) for _sputc
    printf5.o(i.__0vfprintf$5) refers to printf5.o(i._printf_core) for _printf_core
    printf5.o(i.__0vfprintf$5) refers to serial_debug.o(.text) for fputc
    printf5.o(i.__0vprintf$5) refers to printf5.o(i._printf_core) for _printf_core
    printf5.o(i.__0vprintf$5) refers to serial_debug.o(.text) for fputc
    printf5.o(i.__0vprintf$5) refers to stdout.o(.data) for __stdout
    printf5.o(i.__0vsnprintf$5) refers to printf5.o(i._printf_core) for _printf_core
    printf5.o(i.__0vsnprintf$5) refers to printf5.o(i._snputc) for _snputc
    printf5.o(i.__0vsprintf$5) refers to printf5.o(i._printf_core) for _printf_core
    printf5.o(i.__0vsprintf$5) refers to printf5.o(i._sputc) for _sputc
    printf5.o(i._printf_core) refers to uldiv.o(.text) for __aeabi_uldivmod
    printf6.o(i.__0fprintf$6) refers to printf6.o(i._printf_core) for _printf_core
    printf6.o(i.__0fprintf$6) refers to serial_debug.o(.text) for fputc
    printf6.o(i.__0printf$6) refers to printf6.o(i._printf_core) for _printf_core
    printf6.o(i.__0printf$6) refers to serial_debug.o(.text) for fputc
    printf6.o(i.__0printf$6) refers to stdout.o(.data) for __stdout
    printf6.o(i.__0snprintf$6) refers to printf6.o(i._printf_core) for _printf_core
    printf6.o(i.__0snprintf$6) refers to printf6.o(i._snputc) for _snputc
    printf6.o(i.__0sprintf$6) refers to printf6.o(i._printf_core) for _printf_core
    printf6.o(i.__0sprintf$6) refers to printf6.o(i._sputc) for _sputc
    printf6.o(i.__0vfprintf$6) refers to printf6.o(i._printf_core) for _printf_core
    printf6.o(i.__0vfprintf$6) refers to serial_debug.o(.text) for fputc
    printf6.o(i.__0vprintf$6) refers to printf6.o(i._printf_core) for _printf_core
    printf6.o(i.__0vprintf$6) refers to serial_debug.o(.text) for fputc
    printf6.o(i.__0vprintf$6) refers to stdout.o(.data) for __stdout
    printf6.o(i.__0vsnprintf$6) refers to printf6.o(i._printf_core) for _printf_core
    printf6.o(i.__0vsnprintf$6) refers to printf6.o(i._snputc) for _snputc
    printf6.o(i.__0vsprintf$6) refers to printf6.o(i._printf_core) for _printf_core
    printf6.o(i.__0vsprintf$6) refers to printf6.o(i._sputc) for _sputc
    printf6.o(i._printf_core) refers to printf6.o(i._printf_pre_padding) for _printf_pre_padding
    printf6.o(i._printf_core) refers to uidiv.o(.text) for __aeabi_uidivmod
    printf6.o(i._printf_core) refers to printf6.o(i._printf_post_padding) for _printf_post_padding
    printf7.o(i.__0fprintf$7) refers to printf7.o(i._printf_core) for _printf_core
    printf7.o(i.__0fprintf$7) refers to serial_debug.o(.text) for fputc
    printf7.o(i.__0printf$7) refers to printf7.o(i._printf_core) for _printf_core
    printf7.o(i.__0printf$7) refers to serial_debug.o(.text) for fputc
    printf7.o(i.__0printf$7) refers to stdout.o(.data) for __stdout
    printf7.o(i.__0snprintf$7) refers to printf7.o(i._printf_core) for _printf_core
    printf7.o(i.__0snprintf$7) refers to printf7.o(i._snputc) for _snputc
    printf7.o(i.__0sprintf$7) refers to printf7.o(i._printf_core) for _printf_core
    printf7.o(i.__0sprintf$7) refers to printf7.o(i._sputc) for _sputc
    printf7.o(i.__0vfprintf$7) refers to printf7.o(i._printf_core) for _printf_core
    printf7.o(i.__0vfprintf$7) refers to serial_debug.o(.text) for fputc
    printf7.o(i.__0vprintf$7) refers to printf7.o(i._printf_core) for _printf_core
    printf7.o(i.__0vprintf$7) refers to serial_debug.o(.text) for fputc
    printf7.o(i.__0vprintf$7) refers to stdout.o(.data) for __stdout
    printf7.o(i.__0vsnprintf$7) refers to printf7.o(i._printf_core) for _printf_core
    printf7.o(i.__0vsnprintf$7) refers to printf7.o(i._snputc) for _snputc
    printf7.o(i.__0vsprintf$7) refers to printf7.o(i._printf_core) for _printf_core
    printf7.o(i.__0vsprintf$7) refers to printf7.o(i._sputc) for _sputc
    printf7.o(i._printf_core) refers to printf7.o(i._printf_pre_padding) for _printf_pre_padding
    printf7.o(i._printf_core) refers to uldiv.o(.text) for __aeabi_uldivmod
    printf7.o(i._printf_core) refers to printf7.o(i._printf_post_padding) for _printf_post_padding
    printf8.o(i.__0fprintf$8) refers to printf8.o(i._printf_core) for _printf_core
    printf8.o(i.__0fprintf$8) refers to serial_debug.o(.text) for fputc
    printf8.o(i.__0printf$8) refers to printf8.o(i._printf_core) for _printf_core
    printf8.o(i.__0printf$8) refers to serial_debug.o(.text) for fputc
    printf8.o(i.__0printf$8) refers to stdout.o(.data) for __stdout
    printf8.o(i.__0snprintf$8) refers to printf8.o(i._printf_core) for _printf_core
    printf8.o(i.__0snprintf$8) refers to printf8.o(i._snputc) for _snputc
    printf8.o(i.__0sprintf$8) refers to printf8.o(i._printf_core) for _printf_core
    printf8.o(i.__0sprintf$8) refers to printf8.o(i._sputc) for _sputc
    printf8.o(i.__0vfprintf$8) refers to printf8.o(i._printf_core) for _printf_core
    printf8.o(i.__0vfprintf$8) refers to serial_debug.o(.text) for fputc
    printf8.o(i.__0vprintf$8) refers to printf8.o(i._printf_core) for _printf_core
    printf8.o(i.__0vprintf$8) refers to serial_debug.o(.text) for fputc
    printf8.o(i.__0vprintf$8) refers to stdout.o(.data) for __stdout
    printf8.o(i.__0vsnprintf$8) refers to printf8.o(i._printf_core) for _printf_core
    printf8.o(i.__0vsnprintf$8) refers to printf8.o(i._snputc) for _snputc
    printf8.o(i.__0vsprintf$8) refers to printf8.o(i._printf_core) for _printf_core
    printf8.o(i.__0vsprintf$8) refers to printf8.o(i._sputc) for _sputc
    printf8.o(i._printf_core) refers to printf8.o(i._printf_pre_padding) for _printf_pre_padding
    printf8.o(i._printf_core) refers to uldiv.o(.text) for __aeabi_uldivmod
    printf8.o(i._printf_core) refers to printf8.o(i._printf_post_padding) for _printf_post_padding
    printfa.o(i.__0fprintf) refers (Special) to iusefp.o(.text) for __I$use$fp
    printfa.o(i.__0fprintf) refers to printfa.o(i._printf_core) for _printf_core
    printfa.o(i.__0fprintf) refers to serial_debug.o(.text) for fputc
    printfa.o(i.__0printf) refers (Special) to iusefp.o(.text) for __I$use$fp
    printfa.o(i.__0printf) refers to printfa.o(i._printf_core) for _printf_core
    printfa.o(i.__0printf) refers to serial_debug.o(.text) for fputc
    printfa.o(i.__0printf) refers to stdout.o(.data) for __stdout
    printfa.o(i.__0snprintf) refers (Special) to iusefp.o(.text) for __I$use$fp
    printfa.o(i.__0snprintf) refers to printfa.o(i._printf_core) for _printf_core
    printfa.o(i.__0snprintf) refers to printfa.o(i._snputc) for _snputc
    printfa.o(i.__0sprintf) refers (Special) to iusefp.o(.text) for __I$use$fp
    printfa.o(i.__0sprintf) refers to printfa.o(i._printf_core) for _printf_core
    printfa.o(i.__0sprintf) refers to printfa.o(i._sputc) for _sputc
    printfa.o(i.__0vfprintf) refers (Special) to iusefp.o(.text) for __I$use$fp
    printfa.o(i.__0vfprintf) refers to printfa.o(i._printf_core) for _printf_core
    printfa.o(i.__0vfprintf) refers to serial_debug.o(.text) for fputc
    printfa.o(i.__0vprintf) refers (Special) to iusefp.o(.text) for __I$use$fp
    printfa.o(i.__0vprintf) refers to printfa.o(i._printf_core) for _printf_core
    printfa.o(i.__0vprintf) refers to serial_debug.o(.text) for fputc
    printfa.o(i.__0vprintf) refers to stdout.o(.data) for __stdout
    printfa.o(i.__0vsnprintf) refers (Special) to iusefp.o(.text) for __I$use$fp
    printfa.o(i.__0vsnprintf) refers to printfa.o(i._printf_core) for _printf_core
    printfa.o(i.__0vsnprintf) refers to printfa.o(i._snputc) for _snputc
    printfa.o(i.__0vsprintf) refers (Special) to iusefp.o(.text) for __I$use$fp
    printfa.o(i.__0vsprintf) refers to printfa.o(i._printf_core) for _printf_core
    printfa.o(i.__0vsprintf) refers to printfa.o(i._sputc) for _sputc
    printfa.o(i._fp_digits) refers (Special) to iusefp.o(.text) for __I$use$fp
    printfa.o(i._fp_digits) refers to dmul.o(.text) for __aeabi_dmul
    printfa.o(i._fp_digits) refers to ddiv.o(.text) for __aeabi_ddiv
    printfa.o(i._fp_digits) refers to cdrcmple.o(.text) for __aeabi_cdrcmple
    printfa.o(i._fp_digits) refers to dadd.o(.text) for __aeabi_dadd
    printfa.o(i._fp_digits) refers to dfixul.o(.text) for __aeabi_d2ulz
    printfa.o(i._fp_digits) refers to uldiv.o(.text) for __aeabi_uldivmod
    printfa.o(i._printf_core) refers (Special) to iusefp.o(.text) for __I$use$fp
    printfa.o(i._printf_core) refers to printfa.o(i._printf_pre_padding) for _printf_pre_padding
    printfa.o(i._printf_core) refers to uldiv.o(.text) for __aeabi_uldivmod
    printfa.o(i._printf_core) refers to printfa.o(i._printf_post_padding) for _printf_post_padding
    printfa.o(i._printf_core) refers to printfa.o(i._fp_digits) for _fp_digits
    printfa.o(i._printf_core) refers to uidiv.o(.text) for __aeabi_uidivmod
    printfa.o(i._printf_post_padding) refers (Special) to iusefp.o(.text) for __I$use$fp
    printfa.o(i._printf_pre_padding) refers (Special) to iusefp.o(.text) for __I$use$fp
    printfa.o(i._snputc) refers (Special) to iusefp.o(.text) for __I$use$fp
    printfa.o(i._sputc) refers (Special) to iusefp.o(.text) for __I$use$fp
    malloc.o(i.free) refers to mvars.o(.data) for __microlib_freelist
    malloc.o(i.malloc) refers to mvars.o(.data) for __microlib_freelist_initialised
    malloc.o(i.malloc) refers to mvars.o(.data) for __microlib_freelist
    malloc.o(i.malloc) refers to startup_tm4c123.o(HEAP) for __heap_base
    mallocr.o(i.__free$realloc) refers to mvars.o(.data) for __microlib_freelist
    mallocr.o(i.__malloc$realloc) refers to mallocr.o(i.internal_alloc) for internal_alloc
    mallocr.o(i.__malloc$realloc) refers to mvars.o(.data) for __microlib_freelist_initialised
    mallocr.o(i.__malloc$realloc) refers to startup_tm4c123.o(HEAP) for __heap_base
    mallocr.o(i.__malloc$realloc) refers to mvars.o(.data) for __microlib_freelist
    mallocr.o(i.internal_alloc) refers to memcpya.o(.text) for __aeabi_memcpy
    mallocr.o(i.internal_alloc) refers to mvars.o(.data) for __microlib_freelist
    mallocr.o(i.realloc) refers to mallocr.o(i.__free$realloc) for __free$realloc
    mallocr.o(i.realloc) refers to mallocr.o(i.internal_alloc) for internal_alloc
    mallocr.o(i.realloc) refers to mallocr.o(i.__malloc$realloc) for __malloc$realloc
    mallocr.o(i.realloc) refers to mvars.o(.data) for __microlib_freelist
    malloca.o(i.__aligned_malloc) refers to mvars.o(.data) for __microlib_freelist_initialised
    malloca.o(i.__aligned_malloc) refers to mvars.o(.data) for __microlib_freelist
    malloca.o(i.__aligned_malloc) refers to startup_tm4c123.o(HEAP) for __heap_base
    malloca.o(i.__free$memalign) refers to mvars.o(.data) for __microlib_freelist
    malloca.o(i.__malloc$memalign) refers to malloca.o(i.__aligned_malloc) for __aligned_malloc
    mallocra.o(i.__aligned_malloc$realloc) refers to mallocra.o(i.internal_alloc) for internal_alloc
    mallocra.o(i.__aligned_malloc$realloc) refers to mvars.o(.data) for __microlib_freelist_initialised
    mallocra.o(i.__aligned_malloc$realloc) refers to startup_tm4c123.o(HEAP) for __heap_base
    mallocra.o(i.__aligned_malloc$realloc) refers to mvars.o(.data) for __microlib_freelist
    mallocra.o(i.__free$realloc$memalign) refers to mvars.o(.data) for __microlib_freelist
    mallocra.o(i.__malloc$realloc$memalign) refers to mallocra.o(i.__aligned_malloc$realloc) for __aligned_malloc$realloc
    mallocra.o(i.__realloc$memalign) refers to mallocra.o(i.__free$realloc$memalign) for __free$realloc$memalign
    mallocra.o(i.__realloc$memalign) refers to mallocra.o(i.internal_alloc) for internal_alloc
    mallocra.o(i.__realloc$memalign) refers to mallocra.o(i.__malloc$realloc$memalign) for __malloc$realloc$memalign
    mallocra.o(i.__realloc$memalign) refers to mvars.o(.data) for __microlib_freelist
    mallocra.o(i.internal_alloc) refers to memcpya.o(.text) for __aeabi_memcpy
    mallocra.o(i.internal_alloc) refers to mvars.o(.data) for __microlib_freelist
    entry2.o(.ARM.Collect$$$$00000001) refers to entry2.o(.ARM.Collect$$$$00002712) for __lit__00000000
    entry2.o(.ARM.Collect$$$$00002712) refers to startup_tm4c123.o(STACK) for __initial_sp
    entry2.o(__vectab_stack_and_reset_area) refers to startup_tm4c123.o(STACK) for __initial_sp
    entry2.o(__vectab_stack_and_reset_area) refers to entry.o(.ARM.Collect$$$$00000000) for __main
    entry5.o(.ARM.Collect$$$$00000004) refers to init.o(.text) for __scatterload
    entry9a.o(.ARM.Collect$$$$0000000B) refers to main.o(.text) for main
    entry9b.o(.ARM.Collect$$$$0000000C) refers to main.o(.text) for main
    uldiv.o(.text) refers to llushr.o(.text) for __aeabi_llsr
    uldiv.o(.text) refers to llshl.o(.text) for __aeabi_llsl
    dadd.o(.text) refers to llshl.o(.text) for __aeabi_llsl
    dadd.o(.text) refers to llsshr.o(.text) for __aeabi_lasr
    dadd.o(.text) refers to depilogue.o(.text) for _double_epilogue
    dmul.o(.text) refers to depilogue.o(.text) for _double_epilogue
    ddiv.o(.text) refers to depilogue.o(.text) for _double_round
    dfixul.o(.text) refers to llushr.o(.text) for __aeabi_llsr
    dfixul.o(.text) refers to llshl.o(.text) for __aeabi_llsl
    init.o(.text) refers to entry5.o(.ARM.Collect$$$$00000004) for __main_after_scatterload
    depilogue.o(.text) refers to llshl.o(.text) for __aeabi_llsl
    depilogue.o(.text) refers to llushr.o(.text) for __aeabi_llsr


==============================================================================

Removing Unused input sections from the image.

    Removing main.o(.rev16_text), (4 bytes).
    Removing main.o(.revsh_text), (4 bytes).
    Removing main.o(.rrx_text), (6 bytes).
    Removing lab_buttons.o(.rev16_text), (4 bytes).
    Removing lab_buttons.o(.revsh_text), (4 bytes).
    Removing lab_buttons.o(.rrx_text), (6 bytes).
    Removing system_tm4c123.o(.rev16_text), (4 bytes).
    Removing system_tm4c123.o(.revsh_text), (4 bytes).
    Removing system_tm4c123.o(.rrx_text), (6 bytes).
    Removing interrupts.o(.rev16_text), (4 bytes).
    Removing interrupts.o(.revsh_text), (4 bytes).
    Removing interrupts.o(.rrx_text), (6 bytes).
    Removing ece210_api.o(.rev16_text), (4 bytes).
    Removing ece210_api.o(.revsh_text), (4 bytes).
    Removing ece210_api.o(.rrx_text), (6 bytes).
    Removing gptimer.o(.rev16_text), (4 bytes).
    Removing gptimer.o(.revsh_text), (4 bytes).
    Removing gptimer.o(.rrx_text), (6 bytes).
    Removing ft6x06.o(.rev16_text), (4 bytes).
    Removing ft6x06.o(.revsh_text), (4 bytes).
    Removing ft6x06.o(.rrx_text), (6 bytes).
    Removing io_expander.o(.rev16_text), (4 bytes).
    Removing io_expander.o(.revsh_text), (4 bytes).
    Removing io_expander.o(.rrx_text), (6 bytes).
    Removing lcd.o(.rev16_text), (4 bytes).
    Removing lcd.o(.revsh_text), (4 bytes).
    Removing lcd.o(.rrx_text), (6 bytes).
    Removing lcd_fonts.o(.rev16_text), (4 bytes).
    Removing lcd_fonts.o(.revsh_text), (4 bytes).
    Removing lcd_fonts.o(.rrx_text), (6 bytes).
    Removing lcd_terminal.o(.rev16_text), (4 bytes).
    Removing lcd_terminal.o(.revsh_text), (4 bytes).
    Removing lcd_terminal.o(.rrx_text), (6 bytes).
    Removing ps2.o(.rev16_text), (4 bytes).
    Removing ps2.o(.revsh_text), (4 bytes).
    Removing ps2.o(.rrx_text), (6 bytes).
    Removing serial_debug.o(.rev16_text), (4 bytes).
    Removing serial_debug.o(.revsh_text), (4 bytes).
    Removing serial_debug.o(.rrx_text), (6 bytes).
    Removing wireless.o(.rev16_text), (4 bytes).
    Removing wireless.o(.revsh_text), (4 bytes).
    Removing wireless.o(.rrx_text), (6 bytes).
    Removing wireless.o(.conststring), (125 bytes).
    Removing wireless.o(.data), (24 bytes).
    Removing launchpad_io.o(.rev16_text), (4 bytes).
    Removing launchpad_io.o(.revsh_text), (4 bytes).
    Removing launchpad_io.o(.rrx_text), (6 bytes).
    Removing mezz_audio.o(.rev16_text), (4 bytes).
    Removing mezz_audio.o(.revsh_text), (4 bytes).
    Removing mezz_audio.o(.rrx_text), (6 bytes).
    Removing adc.o(.rev16_text), (4 bytes).
    Removing adc.o(.revsh_text), (4 bytes).
    Removing adc.o(.rrx_text), (6 bytes).
    Removing gpio_port.o(.rev16_text), (4 bytes).
    Removing gpio_port.o(.revsh_text), (4 bytes).
    Removing gpio_port.o(.rrx_text), (6 bytes).
    Removing i2c.o(.rev16_text), (4 bytes).
    Removing i2c.o(.revsh_text), (4 bytes).
    Removing i2c.o(.rrx_text), (6 bytes).
    Removing spi.o(.rev16_text), (4 bytes).
    Removing spi.o(.revsh_text), (4 bytes).
    Removing spi.o(.rrx_text), (6 bytes).
    Removing uart.o(.rev16_text), (4 bytes).
    Removing uart.o(.revsh_text), (4 bytes).
    Removing uart.o(.rrx_text), (6 bytes).
    Removing mcp47fvbxx.o(.rev16_text), (4 bytes).
    Removing mcp47fvbxx.o(.revsh_text), (4 bytes).
    Removing mcp47fvbxx.o(.rrx_text), (6 bytes).
    Removing dadd.o(.text), (334 bytes).
    Removing dmul.o(.text), (228 bytes).
    Removing ddiv.o(.text), (222 bytes).
    Removing dfixul.o(.text), (48 bytes).
    Removing cdrcmple.o(.text), (48 bytes).
    Removing depilogue.o(.text), (186 bytes).

74 unused section(s) (total 1523 bytes) removed from the image.

==============================================================================

Image Symbol Table

    Local Symbols

    Symbol Name                              Value     Ov Type        Size  Object(Section)

    RESET                                    0x00000000   Section      620  startup_tm4c123.o(RESET)
    ../clib/microlib/division.c              0x00000000   Number         0  uidiv.o ABSOLUTE
    ../clib/microlib/division.c              0x00000000   Number         0  uldiv.o ABSOLUTE
    ../clib/microlib/init/entry.s            0x00000000   Number         0  entry11b.o ABSOLUTE
    ../clib/microlib/init/entry.s            0x00000000   Number         0  entry.o ABSOLUTE
    ../clib/microlib/init/entry.s            0x00000000   Number         0  entry7a.o ABSOLUTE
    ../clib/microlib/init/entry.s            0x00000000   Number         0  entry9a.o ABSOLUTE
    ../clib/microlib/init/entry.s            0x00000000   Number         0  entry8b.o ABSOLUTE
    ../clib/microlib/init/entry.s            0x00000000   Number         0  entry8a.o ABSOLUTE
    ../clib/microlib/init/entry.s            0x00000000   Number         0  entry7b.o ABSOLUTE
    ../clib/microlib/init/entry.s            0x00000000   Number         0  entry9b.o ABSOLUTE
    ../clib/microlib/init/entry.s            0x00000000   Number         0  entry10b.o ABSOLUTE
    ../clib/microlib/init/entry.s            0x00000000   Number         0  entry5.o ABSOLUTE
    ../clib/microlib/init/entry.s            0x00000000   Number         0  entry10a.o ABSOLUTE
    ../clib/microlib/init/entry.s            0x00000000   Number         0  entry2.o ABSOLUTE
    ../clib/microlib/init/entry.s            0x00000000   Number         0  entry11a.o ABSOLUTE
    ../clib/microlib/longlong.c              0x00000000   Number         0  llushr.o ABSOLUTE
    ../clib/microlib/longlong.c              0x00000000   Number         0  llshl.o ABSOLUTE
    ../clib/microlib/longlong.c              0x00000000   Number         0  llsshr.o ABSOLUTE
    ../clib/microlib/malloc/malloc.c         0x00000000   Number         0  mallocr.o ABSOLUTE
    ../clib/microlib/malloc/malloc.c         0x00000000   Number         0  malloca.o ABSOLUTE
    ../clib/microlib/malloc/malloc.c         0x00000000   Number         0  mallocra.o ABSOLUTE
    ../clib/microlib/malloc/malloc.c         0x00000000   Number         0  malloc.o ABSOLUTE
    ../clib/microlib/malloc/mvars.c          0x00000000   Number         0  mvars.o ABSOLUTE
    ../clib/microlib/printf/printf.c         0x00000000   Number         0  printf7.o ABSOLUTE
    ../clib/microlib/printf/printf.c         0x00000000   Number         0  printfb.o ABSOLUTE
    ../clib/microlib/printf/printf.c         0x00000000   Number         0  printfa.o ABSOLUTE
    ../clib/microlib/printf/printf.c         0x00000000   Number         0  printf0.o ABSOLUTE
    ../clib/microlib/printf/printf.c         0x00000000   Number         0  printf1.o ABSOLUTE
    ../clib/microlib/printf/printf.c         0x00000000   Number         0  printf4.o ABSOLUTE
    ../clib/microlib/printf/printf.c         0x00000000   Number         0  printf2.o ABSOLUTE
    ../clib/microlib/printf/printf.c         0x00000000   Number         0  printf5.o ABSOLUTE
    ../clib/microlib/printf/printf.c         0x00000000   Number         0  printf6.o ABSOLUTE
    ../clib/microlib/printf/printf.c         0x00000000   Number         0  printf8.o ABSOLUTE
    ../clib/microlib/printf/printf.c         0x00000000   Number         0  printf3.o ABSOLUTE
    ../clib/microlib/printf/stubs.s          0x00000000   Number         0  stubs.o ABSOLUTE
    ../clib/microlib/stdio/streams.c         0x00000000   Number         0  stdout.o ABSOLUTE
    ../clib/microlib/stdlib/rand.c           0x00000000   Number         0  rand.o ABSOLUTE
    ../clib/microlib/string/memcpy.c         0x00000000   Number         0  memcpyb.o ABSOLUTE
    ../clib/microlib/string/memcpy.c         0x00000000   Number         0  memcpya.o ABSOLUTE
    ../clib/microlib/string/memset.c         0x00000000   Number         0  memseta.o ABSOLUTE
    ../clib/microlib/string/strcpy.c         0x00000000   Number         0  strcpy.o ABSOLUTE
    ../clib/microlib/stubs.s                 0x00000000   Number         0  iusefp.o ABSOLUTE
    ../clib/microlib/time/clock.c            0x00000000   Number         0  clock.o ABSOLUTE
    ../fplib/microlib/fpadd.c                0x00000000   Number         0  dadd.o ABSOLUTE
    ../fplib/microlib/fpdiv.c                0x00000000   Number         0  ddiv.o ABSOLUTE
    ../fplib/microlib/fpepilogue.c           0x00000000   Number         0  depilogue.o ABSOLUTE
    ../fplib/microlib/fpfix.c                0x00000000   Number         0  dfixul.o ABSOLUTE
    ../fplib/microlib/fpmul.c                0x00000000   Number         0  dmul.o ABSOLUTE
    ..\\drivers\\c\\adc.c                    0x00000000   Number         0  adc.o ABSOLUTE
    ..\\drivers\\c\\gpio_port.c              0x00000000   Number         0  gpio_port.o ABSOLUTE
    ..\\drivers\\c\\gptimer.c                0x00000000   Number         0  gptimer.o ABSOLUTE
    ..\\drivers\\c\\i2c.c                    0x00000000   Number         0  i2c.o ABSOLUTE
    ..\\drivers\\c\\spi.c                    0x00000000   Number         0  spi.o ABSOLUTE
    ..\\drivers\\c\\uart.c                   0x00000000   Number         0  uart.o ABSOLUTE
    ..\\peripherals\\c\\ece210_api.c         0x00000000   Number         0  ece210_api.o ABSOLUTE
    ..\\peripherals\\c\\ft6x06.c             0x00000000   Number         0  ft6x06.o ABSOLUTE
    ..\\peripherals\\c\\io_expander.c        0x00000000   Number         0  io_expander.o ABSOLUTE
    ..\\peripherals\\c\\launchpad_io.c       0x00000000   Number         0  launchpad_io.o ABSOLUTE
    ..\\peripherals\\c\\lcd.c                0x00000000   Number         0  lcd.o ABSOLUTE
    ..\\peripherals\\c\\lcd_fonts.c          0x00000000   Number         0  lcd_fonts.o ABSOLUTE
    ..\\peripherals\\c\\lcd_terminal.c       0x00000000   Number         0  lcd_terminal.o ABSOLUTE
    ..\\peripherals\\c\\mcp47fvbxx.c         0x00000000   Number         0  mcp47fvbxx.o ABSOLUTE
    ..\\peripherals\\c\\mezz_audio.c         0x00000000   Number         0  mezz_audio.o ABSOLUTE
    ..\\peripherals\\c\\ps2.c                0x00000000   Number         0  ps2.o ABSOLUTE
    ..\\peripherals\\c\\serial_debug.c       0x00000000   Number         0  serial_debug.o ABSOLUTE
    ..\\peripherals\\c\\wireless.c           0x00000000   Number         0  wireless.o ABSOLUTE
    ..\drivers\c\adc.c                       0x00000000   Number         0  adc.o ABSOLUTE
    ..\drivers\c\gpio_port.c                 0x00000000   Number         0  gpio_port.o ABSOLUTE
    ..\drivers\c\gptimer.c                   0x00000000   Number         0  gptimer.o ABSOLUTE
    ..\drivers\c\i2c.c                       0x00000000   Number         0  i2c.o ABSOLUTE
    ..\drivers\c\pc_buffer.c                 0x00000000   Number         0  pc_buffer.o ABSOLUTE
    ..\drivers\c\spi.c                       0x00000000   Number         0  spi.o ABSOLUTE
    ..\drivers\c\uart.c                      0x00000000   Number         0  uart.o ABSOLUTE
    ..\peripherals\c\ece210_api.c            0x00000000   Number         0  ece210_api.o ABSOLUTE
    ..\peripherals\c\ft6x06.c                0x00000000   Number         0  ft6x06.o ABSOLUTE
    ..\peripherals\c\io_expander.c           0x00000000   Number         0  io_expander.o ABSOLUTE
    ..\peripherals\c\launchpad_io.c          0x00000000   Number         0  launchpad_io.o ABSOLUTE
    ..\peripherals\c\lcd.c                   0x00000000   Number         0  lcd.o ABSOLUTE
    ..\peripherals\c\lcd_fonts.c             0x00000000   Number         0  lcd_fonts.o ABSOLUTE
    ..\peripherals\c\lcd_terminal.c          0x00000000   Number         0  lcd_terminal.o ABSOLUTE
    ..\peripherals\c\mcp47fvbxx.c            0x00000000   Number         0  mcp47fvbxx.o ABSOLUTE
    ..\peripherals\c\mezz_audio.c            0x00000000   Number         0  mezz_audio.o ABSOLUTE
    ..\peripherals\c\ps2.c                   0x00000000   Number         0  ps2.o ABSOLUTE
    ..\peripherals\c\serial_debug.c          0x00000000   Number         0  serial_debug.o ABSOLUTE
    ..\peripherals\c\wireless.c              0x00000000   Number         0  wireless.o ABSOLUTE
    ..\peripherals\c\ws2812b.s               0x00000000   Number         0  ws2812b_1.o ABSOLUTE
    RTE\Device\TM4C123GH6PM\startup_TM4C123.s 0x00000000   Number         0  startup_tm4c123.o ABSOLUTE
    RTE\Device\TM4C123GH6PM\system_TM4C123.c 0x00000000   Number         0  system_tm4c123.o ABSOLUTE
    RTE\\Device\\TM4C123GH6PM\\system_TM4C123.c 0x00000000   Number         0  system_tm4c123.o ABSOLUTE
    ShipFunc.c                               0x00000000   Number         0  shipfunc.o ABSOLUTE
    cdrcmple.s                               0x00000000   Number         0  cdrcmple.o ABSOLUTE
    dc.s                                     0x00000000   Number         0  dc.o ABSOLUTE
    handlers.s                               0x00000000   Number         0  handlers.o ABSOLUTE
    init.s                                   0x00000000   Number         0  init.o ABSOLUTE
    interrupts.c                             0x00000000   Number         0  interrupts.o ABSOLUTE
    interrupts.c                             0x00000000   Number         0  interrupts.o ABSOLUTE
    lab_buttons.c                            0x00000000   Number         0  lab_buttons.o ABSOLUTE
    lab_buttons.c                            0x00000000   Number         0  lab_buttons.o ABSOLUTE
    main.c                                   0x00000000   Number         0  main.o ABSOLUTE
    main.c                                   0x00000000   Number         0  main.o ABSOLUTE
    .ARM.Collect$$$$00000000                 0x0000026c   Section        0  entry.o(.ARM.Collect$$$$00000000)
    .ARM.Collect$$$$00000001                 0x0000026c   Section        4  entry2.o(.ARM.Collect$$$$00000001)
    .ARM.Collect$$$$00000004                 0x00000270   Section        4  entry5.o(.ARM.Collect$$$$00000004)
    .ARM.Collect$$$$00000008                 0x00000274   Section        0  entry7b.o(.ARM.Collect$$$$00000008)
    .ARM.Collect$$$$0000000A                 0x00000274   Section        0  entry8b.o(.ARM.Collect$$$$0000000A)
    .ARM.Collect$$$$0000000B                 0x00000274   Section        8  entry9a.o(.ARM.Collect$$$$0000000B)
    .ARM.Collect$$$$0000000D                 0x0000027c   Section        0  entry10a.o(.ARM.Collect$$$$0000000D)
    .ARM.Collect$$$$0000000F                 0x0000027c   Section        0  entry11a.o(.ARM.Collect$$$$0000000F)
    .ARM.Collect$$$$00002712                 0x0000027c   Section        4  entry2.o(.ARM.Collect$$$$00002712)
    __lit__00000000                          0x0000027c   Data           4  entry2.o(.ARM.Collect$$$$00002712)
    .text                                    0x00000280   Section        0  main.o(.text)
    .text                                    0x00000b08   Section        0  lab_buttons.o(.text)
    .text                                    0x00000b60   Section      252  startup_tm4c123.o(.text)
    $v0                                      0x00000b60   Number         0  startup_tm4c123.o(.text)
    .text                                    0x00000c5c   Section        0  system_tm4c123.o(.text)
    getOscClk                                0x00000c5d   Thumb Code   182  system_tm4c123.o(.text)
    .text                                    0x00000ea8   Section        0  interrupts.o(.text)
    .text                                    0x00000ef8   Section        0  ece210_api.o(.text)
    ws2812b_init                             0x00000ef9   Thumb Code    70  ece210_api.o(.text)
    platform_timers_init                     0x00001027   Thumb Code    80  ece210_api.o(.text)
    .text                                    0x00001328   Section        0  gptimer.o(.text)
    NVIC_SetPriority                         0x00001329   Thumb Code    32  gptimer.o(.text)
    NVIC_EnableIRQ                           0x0000165f   Thumb Code    22  gptimer.o(.text)
    .text                                    0x00001690   Section        0  ft6x06.o(.text)
    .text                                    0x00001948   Section        0  io_expander.o(.text)
    .text                                    0x00001ad8   Section        0  lcd.o(.text)
    lcd_write_cmd_u8                         0x00001af3   Thumb Code    34  lcd.o(.text)
    lcd_write_data_u8                        0x00001b15   Thumb Code    36  lcd.o(.text)
    lcd_write_data_u16                       0x00001b39   Thumb Code    60  lcd.o(.text)
    .text                                    0x000025e6   Section        0  lcd_fonts.o(.text)
    .text                                    0x00002778   Section        0  lcd_terminal.o(.text)
    terminal_clear_line                      0x00002779   Thumb Code    46  lcd_terminal.o(.text)
    terminal_update_line                     0x000027a7   Thumb Code    62  lcd_terminal.o(.text)
    .text                                    0x00003290   Section        0  ps2.o(.text)
    initialize_adc_gpio_pins                 0x00003291   Thumb Code    34  ps2.o(.text)
    ps2_configure_adc                        0x000032b3   Thumb Code    88  ps2.o(.text)
    ps2_configure_digital_comparitors        0x0000330b   Thumb Code   124  ps2.o(.text)
    initialize_adc_timer                     0x000033df   Thumb Code    80  ps2.o(.text)
    NVIC_EnableIRQ                           0x00003537   Thumb Code    22  ps2.o(.text)
    .text                                    0x00003588   Section        0  serial_debug.o(.text)
    .text                                    0x00003798   Section        0  wireless.o(.text)
    wireless_reg_read                        0x000037a7   Thumb Code    40  wireless.o(.text)
    wireless_reg_write                       0x000037cf   Thumb Code    40  wireless.o(.text)
    wireless_rx_data_payload                 0x000037f7   Thumb Code    80  wireless.o(.text)
    wireless_set_rx_addr                     0x00003847   Thumb Code   118  wireless.o(.text)
    wireless_get_status                      0x000038bd   Thumb Code    32  wireless.o(.text)
    wireless_CSN_low                         0x00003c21   Thumb Code    18  wireless.o(.text)
    wireless_CSN_high                        0x00003c33   Thumb Code    18  wireless.o(.text)
    wireless_CE_low                          0x00003c45   Thumb Code    16  wireless.o(.text)
    wireless_CE_high                         0x00003c55   Thumb Code    16  wireless.o(.text)
    wireless_flush_tx_fifo                   0x00003c65   Thumb Code    28  wireless.o(.text)
    wireless_flush_rx_fifo                   0x00003c81   Thumb Code    28  wireless.o(.text)
    wireless_rx_fifo_empty                   0x00003c9d   Thumb Code    24  wireless.o(.text)
    wireless_status_tx_ds_asserted           0x00003cb5   Thumb Code    16  wireless.o(.text)
    wireless_status_tx_full_asserted         0x00003cc5   Thumb Code    16  wireless.o(.text)
    wireless_clear_max_rt                    0x00003cd5   Thumb Code    12  wireless.o(.text)
    .text                                    0x00003cf0   Section        0  launchpad_io.o(.text)
    .text                                    0x00003db4   Section        0  mezz_audio.o(.text)
    mezz_audio_comparator_gpio_init          0x00003f39   Thumb Code    34  mezz_audio.o(.text)
    mezz_audio_gpio_init                     0x00003f5b   Thumb Code    40  mezz_audio.o(.text)
    initialize_adc_timer                     0x00003f83   Thumb Code    78  mezz_audio.o(.text)
    NVIC_EnableIRQ                           0x00004031   Thumb Code    22  mezz_audio.o(.text)
    .text                                    0x00004074   Section        0  adc.o(.text)
    verify_base_addr                         0x00004075   Thumb Code    26  adc.o(.text)
    .text                                    0x0000419c   Section        0  gpio_port.o(.text)
    verify_base_addr                         0x0000419d   Thumb Code    64  gpio_port.o(.text)
    .text                                    0x00004460   Section        0  i2c.o(.text)
    .text                                    0x00004668   Section        0  pc_buffer.o(.text)
    .text                                    0x000046e4   Section        0  spi.o(.text)
    .text                                    0x00004870   Section        0  uart.o(.text)
    .text                                    0x00004ae0   Section        0  mcp47fvbxx.o(.text)
    .text                                    0x00004c64   Section        0  rand.o(.text)
    .text                                    0x00004c88   Section        0  memseta.o(.text)
    .text                                    0x00004cac   Section        0  strcpy.o(.text)
    .text                                    0x00004cbe   Section        0  uldiv.o(.text)
    .text                                    0x00004d20   Section       36  init.o(.text)
    .text                                    0x00004d44   Section        0  llshl.o(.text)
    .text                                    0x00004d62   Section        0  llushr.o(.text)
    FLASH                                    0x00004d84   Section      160  ws2812b_1.o(FLASH)
    $v0                                      0x00004d84   Number         0  ws2812b_1.o(FLASH)
    i.__0printf$8                            0x00004e24   Section        0  printf8.o(i.__0printf$8)
    i.__0sprintf$8                           0x00004e44   Section        0  printf8.o(i.__0sprintf$8)
    i.__scatterload_copy                     0x00004e6c   Section       14  handlers.o(i.__scatterload_copy)
    i.__scatterload_null                     0x00004e7a   Section        2  handlers.o(i.__scatterload_null)
    i.__scatterload_zeroinit                 0x00004e7c   Section       14  handlers.o(i.__scatterload_zeroinit)
    i._printf_core                           0x00004e8c   Section        0  printf8.o(i._printf_core)
    _printf_core                             0x00004e8d   Thumb Code   996  printf8.o(i._printf_core)
    i._printf_post_padding                   0x0000529c   Section        0  printf8.o(i._printf_post_padding)
    _printf_post_padding                     0x0000529d   Thumb Code    36  printf8.o(i._printf_post_padding)
    i._printf_pre_padding                    0x000052c0   Section        0  printf8.o(i._printf_pre_padding)
    _printf_pre_padding                      0x000052c1   Thumb Code    46  printf8.o(i._printf_pre_padding)
    i._sputc                                 0x000052ee   Section        0  printf8.o(i._sputc)
    _sputc                                   0x000052ef   Thumb Code    10  printf8.o(i._sputc)
    i.free                                   0x000052f8   Section        0  malloc.o(i.free)
    i.malloc                                 0x00005348   Section        0  malloc.o(i.malloc)
    .constdata                               0x000053b4   Section     4200  lcd_fonts.o(.constdata)
    .conststring                             0x0000641c   Section      150  main.o(.conststring)
    .data                                    0x20000000   Section      235  main.o(.data)
    .data                                    0x200000ec   Section        4  system_tm4c123.o(.data)
    .data                                    0x200000f0   Section        2  interrupts.o(.data)
    .data                                    0x200000f4   Section        8  ece210_api.o(.data)
    DELAY_1MS                                0x200000f5   Data           1  ece210_api.o(.data)
    LAST_RX_VALUE                            0x200000f8   Data           4  ece210_api.o(.data)
    .data                                    0x200000fc   Section        1  lcd_terminal.o(.data)
    .data                                    0x200000fe   Section        5  ps2.o(.data)
    PS2_X_DATA                               0x200000fe   Data           2  ps2.o(.data)
    PS2_Y_DATA                               0x20000100   Data           2  ps2.o(.data)
    PS2_DIR                                  0x20000102   Data           1  ps2.o(.data)
    .data                                    0x20000103   Section        2  serial_debug.o(.data)
    Rx_Interrupts_Enabled                    0x20000103   Data           1  serial_debug.o(.data)
    Tx_Interrupts_Enabled                    0x20000104   Data           1  serial_debug.o(.data)
    .data                                    0x20000106   Section        3  mezz_audio.o(.data)
    .data                                    0x2000010c   Section        4  stdout.o(.data)
    .data                                    0x20000110   Section        4  rand.o(.data)
    _rand_state                              0x20000110   Data           4  rand.o(.data)
    .data                                    0x20000114   Section        4  mvars.o(.data)
    .data                                    0x20000118   Section        4  mvars.o(.data)
    .bss                                     0x2000011c   Section       24  ece210_api.o(.bss)
    ws2812_leds                              0x2000011c   Data          24  ece210_api.o(.bss)
    .bss                                     0x20000134   Section     2500  lcd_terminal.o(.bss)
    .bss                                     0x20000af8   Section       28  serial_debug.o(.bss)
    HEAP                                     0x20000b18   Section        0  startup_tm4c123.o(HEAP)
    STACK                                    0x20000b18   Section     4096  startup_tm4c123.o(STACK)

    Global Symbols

    Symbol Name                              Value     Ov Type        Size  Object(Section)

    BuildAttributes$$THM_ISAv4$E$P$D$K$B$S$7EM$VFPi3$EXTD16$VFPS$VFMA$PE$A:L22UL41UL21$X:L11$S22US41US21$IEEE1$IW$USESV6$~STKCKD$USESV7$~SHL$OSPACE$ROPI$EBA8$MICROLIB$REQ8$EABIv2 0x00000000   Number         0  anon$$obj.o ABSOLUTE
    __ARM_use_no_argv                        0x00000000   Number         0  main.o ABSOLUTE
    __Vectors                                0x00000000   Data           4  startup_tm4c123.o(RESET)
    _printf_a                                0x00000000   Number         0  stubs.o ABSOLUTE
    _printf_c                                0x00000000   Number         0  stubs.o ABSOLUTE
    _printf_charcount                        0x00000000   Number         0  stubs.o ABSOLUTE
    _printf_d                                0x00000000   Number         0  stubs.o ABSOLUTE
    _printf_e                                0x00000000   Number         0  stubs.o ABSOLUTE
    _printf_f                                0x00000000   Number         0  stubs.o ABSOLUTE
    _printf_flags                            0x00000000   Number         0  stubs.o ABSOLUTE
    _printf_fp_dec                           0x00000000   Number         0  stubs.o ABSOLUTE
    _printf_fp_hex                           0x00000000   Number         0  stubs.o ABSOLUTE
    _printf_g                                0x00000000   Number         0  stubs.o ABSOLUTE
    _printf_i                                0x00000000   Number         0  stubs.o ABSOLUTE
    _printf_int_dec                          0x00000000   Number         0  stubs.o ABSOLUTE
    _printf_l                                0x00000000   Number         0  stubs.o ABSOLUTE
    _printf_lc                               0x00000000   Number         0  stubs.o ABSOLUTE
    _printf_ll                               0x00000000   Number         0  stubs.o ABSOLUTE
    _printf_lld                              0x00000000   Number         0  stubs.o ABSOLUTE
    _printf_lli                              0x00000000   Number         0  stubs.o ABSOLUTE
    _printf_llo                              0x00000000   Number         0  stubs.o ABSOLUTE
    _printf_llu                              0x00000000   Number         0  stubs.o ABSOLUTE
    _printf_llx                              0x00000000   Number         0  stubs.o ABSOLUTE
    _printf_longlong_dec                     0x00000000   Number         0  stubs.o ABSOLUTE
    _printf_longlong_hex                     0x00000000   Number         0  stubs.o ABSOLUTE
    _printf_longlong_oct                     0x00000000   Number         0  stubs.o ABSOLUTE
    _printf_ls                               0x00000000   Number         0  stubs.o ABSOLUTE
    _printf_mbtowc                           0x00000000   Number         0  stubs.o ABSOLUTE
    _printf_n                                0x00000000   Number         0  stubs.o ABSOLUTE
    _printf_o                                0x00000000   Number         0  stubs.o ABSOLUTE
    _printf_p                                0x00000000   Number         0  stubs.o ABSOLUTE
    _printf_percent                          0x00000000   Number         0  stubs.o ABSOLUTE
    _printf_pre_padding                      0x00000000   Number         0  stubs.o ABSOLUTE
    _printf_return_value                     0x00000000   Number         0  stubs.o ABSOLUTE
    _printf_s                                0x00000000   Number         0  stubs.o ABSOLUTE
    _printf_sizespec                         0x00000000   Number         0  stubs.o ABSOLUTE
    _printf_str                              0x00000000   Number         0  stubs.o ABSOLUTE
    _printf_truncate_signed                  0x00000000   Number         0  stubs.o ABSOLUTE
    _printf_truncate_unsigned                0x00000000   Number         0  stubs.o ABSOLUTE
    _printf_u                                0x00000000   Number         0  stubs.o ABSOLUTE
    _printf_wc                               0x00000000   Number         0  stubs.o ABSOLUTE
    _printf_wctomb                           0x00000000   Number         0  stubs.o ABSOLUTE
    _printf_widthprec                        0x00000000   Number         0  stubs.o ABSOLUTE
    _printf_x                                0x00000000   Number         0  stubs.o ABSOLUTE
    __cpp_initialize__aeabi_                  - Undefined Weak Reference
    __cxa_finalize                            - Undefined Weak Reference
    __decompress                              - Undefined Weak Reference
    _clock_init                               - Undefined Weak Reference
    _microlib_exit                            - Undefined Weak Reference
    __Vectors_End                            0x0000026c   Data           0  startup_tm4c123.o(RESET)
    __Vectors_Size                           0x0000026c   Number         0  startup_tm4c123.o ABSOLUTE
    __main                                   0x0000026d   Thumb Code     0  entry.o(.ARM.Collect$$$$00000000)
    _main_stk                                0x0000026d   Thumb Code     0  entry2.o(.ARM.Collect$$$$00000001)
    _main_scatterload                        0x00000271   Thumb Code     0  entry5.o(.ARM.Collect$$$$00000004)
    __main_after_scatterload                 0x00000275   Thumb Code     0  entry5.o(.ARM.Collect$$$$00000004)
    _main_clock                              0x00000275   Thumb Code     0  entry7b.o(.ARM.Collect$$$$00000008)
    _main_cpp_init                           0x00000275   Thumb Code     0  entry8b.o(.ARM.Collect$$$$0000000A)
    _main_init                               0x00000275   Thumb Code     0  entry9a.o(.ARM.Collect$$$$0000000B)
    __rt_final_cpp                           0x0000027d   Thumb Code     0  entry10a.o(.ARM.Collect$$$$0000000D)
    __rt_final_exit                          0x0000027d   Thumb Code     0  entry11a.o(.ARM.Collect$$$$0000000F)
    checkCooldown                            0x00000281   Thumb Code    42  main.o(.text)
    setFire                                  0x000002ab   Thumb Code    40  main.o(.text)
    setBreach                                0x000002d3   Thumb Code    40  main.o(.text)
    didHit                                   0x000002fb   Thumb Code    42  main.o(.text)
    doAttack                                 0x00000325   Thumb Code   236  main.o(.text)
    updateHealthBar                          0x00000411   Thumb Code   122  main.o(.text)
    tickOxygen                               0x0000048b   Thumb Code    40  main.o(.text)
    tickFireDamage                           0x000004b3   Thumb Code    16  main.o(.text)
    tickCheck                                0x000004c3   Thumb Code    50  main.o(.text)
    chooseWeapon                             0x000004f5   Thumb Code   626  main.o(.text)
    main                                     0x00000767   Thumb Code   620  main.o(.text)
    btn_up_pressed                           0x00000b09   Thumb Code    20  lab_buttons.o(.text)
    btn_down_pressed                         0x00000b1d   Thumb Code    22  lab_buttons.o(.text)
    btn_left_pressed                         0x00000b33   Thumb Code    22  lab_buttons.o(.text)
    btn_right_pressed                        0x00000b49   Thumb Code    22  lab_buttons.o(.text)
    Reset_Handler                            0x00000b61   Thumb Code     8  startup_tm4c123.o(.text)
    NMI_Handler                              0x00000b69   Thumb Code     2  startup_tm4c123.o(.text)
    HardFault_Handler                        0x00000b6b   Thumb Code     2  startup_tm4c123.o(.text)
    MemManage_Handler                        0x00000b6d   Thumb Code     2  startup_tm4c123.o(.text)
    BusFault_Handler                         0x00000b6f   Thumb Code     2  startup_tm4c123.o(.text)
    UsageFault_Handler                       0x00000b71   Thumb Code     2  startup_tm4c123.o(.text)
    SVC_Handler                              0x00000b73   Thumb Code     2  startup_tm4c123.o(.text)
    DebugMon_Handler                         0x00000b75   Thumb Code     2  startup_tm4c123.o(.text)
    PendSV_Handler                           0x00000b77   Thumb Code     2  startup_tm4c123.o(.text)
    SysTick_Handler                          0x00000b79   Thumb Code     2  startup_tm4c123.o(.text)
    GPIOA_Handler                            0x00000b7b   Thumb Code     2  startup_tm4c123.o(.text)
    GPIOB_Handler                            0x00000b7d   Thumb Code     2  startup_tm4c123.o(.text)
    GPIOC_Handler                            0x00000b7f   Thumb Code     2  startup_tm4c123.o(.text)
    GPIOD_Handler                            0x00000b81   Thumb Code     2  startup_tm4c123.o(.text)
    UART1_Handler                            0x00000b87   Thumb Code     2  startup_tm4c123.o(.text)
    SSI0_Handler                             0x00000b89   Thumb Code     2  startup_tm4c123.o(.text)
    I2C0_Handler                             0x00000b8b   Thumb Code     2  startup_tm4c123.o(.text)
    PMW0_FAULT_Handler                       0x00000b8d   Thumb Code     2  startup_tm4c123.o(.text)
    PWM0_0_Handler                           0x00000b8f   Thumb Code     2  startup_tm4c123.o(.text)
    PWM0_1_Handler                           0x00000b91   Thumb Code     2  startup_tm4c123.o(.text)
    PWM0_2_Handler                           0x00000b93   Thumb Code     2  startup_tm4c123.o(.text)
    QEI0_Handler                             0x00000b95   Thumb Code     2  startup_tm4c123.o(.text)
    ADC0SS1_Handler                          0x00000b99   Thumb Code     2  startup_tm4c123.o(.text)
    ADC0SS3_Handler                          0x00000b9d   Thumb Code     2  startup_tm4c123.o(.text)
    WDT0_Handler                             0x00000b9f   Thumb Code     2  startup_tm4c123.o(.text)
    TIMER0A_Handler                          0x00000ba1   Thumb Code     2  startup_tm4c123.o(.text)
    TIMER0B_Handler                          0x00000ba3   Thumb Code     2  startup_tm4c123.o(.text)
    TIMER1B_Handler                          0x00000ba7   Thumb Code     2  startup_tm4c123.o(.text)
    TIMER2A_Handler                          0x00000ba9   Thumb Code     2  startup_tm4c123.o(.text)
    TIMER2B_Handler                          0x00000bab   Thumb Code     2  startup_tm4c123.o(.text)
    COMP0_Handler                            0x00000bad   Thumb Code     2  startup_tm4c123.o(.text)
    COMP1_Handler                            0x00000baf   Thumb Code     2  startup_tm4c123.o(.text)
    COMP2_Handler                            0x00000bb1   Thumb Code     2  startup_tm4c123.o(.text)
    SYSCTL_Handler                           0x00000bb3   Thumb Code     2  startup_tm4c123.o(.text)
    FLASH_Handler                            0x00000bb5   Thumb Code     2  startup_tm4c123.o(.text)
    GPIOG_Handler                            0x00000bb9   Thumb Code     2  startup_tm4c123.o(.text)
    GPIOH_Handler                            0x00000bbb   Thumb Code     2  startup_tm4c123.o(.text)
    UART2_Handler                            0x00000bbd   Thumb Code     2  startup_tm4c123.o(.text)
    SSI1_Handler                             0x00000bbf   Thumb Code     2  startup_tm4c123.o(.text)
    TIMER3B_Handler                          0x00000bc3   Thumb Code     2  startup_tm4c123.o(.text)
    I2C1_Handler                             0x00000bc5   Thumb Code     2  startup_tm4c123.o(.text)
    QEI1_Handler                             0x00000bc7   Thumb Code     2  startup_tm4c123.o(.text)
    CAN0_Handler                             0x00000bc9   Thumb Code     2  startup_tm4c123.o(.text)
    CAN1_Handler                             0x00000bcb   Thumb Code     2  startup_tm4c123.o(.text)
    CAN2_Handler                             0x00000bcd   Thumb Code     2  startup_tm4c123.o(.text)
    HIB_Handler                              0x00000bcf   Thumb Code     2  startup_tm4c123.o(.text)
    USB0_Handler                             0x00000bd1   Thumb Code     2  startup_tm4c123.o(.text)
    PWM0_3_Handler                           0x00000bd3   Thumb Code     2  startup_tm4c123.o(.text)
    UDMA_Handler                             0x00000bd5   Thumb Code     2  startup_tm4c123.o(.text)
    UDMAERR_Handler                          0x00000bd7   Thumb Code     2  startup_tm4c123.o(.text)
    ADC1SS0_Handler                          0x00000bd9   Thumb Code     2  startup_tm4c123.o(.text)
    ADC1SS1_Handler                          0x00000bdb   Thumb Code     2  startup_tm4c123.o(.text)
    ADC1SS3_Handler                          0x00000bdf   Thumb Code     2  startup_tm4c123.o(.text)
    GPIOJ_Handler                            0x00000be1   Thumb Code     2  startup_tm4c123.o(.text)
    GPIOK_Handler                            0x00000be3   Thumb Code     2  startup_tm4c123.o(.text)
    GPIOL_Handler                            0x00000be5   Thumb Code     2  startup_tm4c123.o(.text)
    SSI2_Handler                             0x00000be7   Thumb Code     2  startup_tm4c123.o(.text)
    SSI3_Handler                             0x00000be9   Thumb Code     2  startup_tm4c123.o(.text)
    UART3_Handler                            0x00000beb   Thumb Code     2  startup_tm4c123.o(.text)
    UART4_Handler                            0x00000bed   Thumb Code     2  startup_tm4c123.o(.text)
    UART5_Handler                            0x00000bef   Thumb Code     2  startup_tm4c123.o(.text)
    UART6_Handler                            0x00000bf1   Thumb Code     2  startup_tm4c123.o(.text)
    UART7_Handler                            0x00000bf3   Thumb Code     2  startup_tm4c123.o(.text)
    I2C2_Handler                             0x00000bf5   Thumb Code     2  startup_tm4c123.o(.text)
    I2C3_Handler                             0x00000bf7   Thumb Code     2  startup_tm4c123.o(.text)
    TIMER4A_Handler                          0x00000bf9   Thumb Code     2  startup_tm4c123.o(.text)
    TIMER4B_Handler                          0x00000bfb   Thumb Code     2  startup_tm4c123.o(.text)
    TIMER5B_Handler                          0x00000bff   Thumb Code     2  startup_tm4c123.o(.text)
    WTIMER0A_Handler                         0x00000c01   Thumb Code     2  startup_tm4c123.o(.text)
    WTIMER0B_Handler                         0x00000c03   Thumb Code     2  startup_tm4c123.o(.text)
    WTIMER1A_Handler                         0x00000c05   Thumb Code     2  startup_tm4c123.o(.text)
    WTIMER1B_Handler                         0x00000c07   Thumb Code     2  startup_tm4c123.o(.text)
    WTIMER2A_Handler                         0x00000c09   Thumb Code     2  startup_tm4c123.o(.text)
    WTIMER2B_Handler                         0x00000c0b   Thumb Code     2  startup_tm4c123.o(.text)
    WTIMER3A_Handler                         0x00000c0d   Thumb Code     2  startup_tm4c123.o(.text)
    WTIMER3B_Handler                         0x00000c0f   Thumb Code     2  startup_tm4c123.o(.text)
    WTIMER4A_Handler                         0x00000c11   Thumb Code     2  startup_tm4c123.o(.text)
    WTIMER4B_Handler                         0x00000c13   Thumb Code     2  startup_tm4c123.o(.text)
    WTIMER5A_Handler                         0x00000c15   Thumb Code     2  startup_tm4c123.o(.text)
    WTIMER5B_Handler                         0x00000c17   Thumb Code     2  startup_tm4c123.o(.text)
    FPU_Handler                              0x00000c19   Thumb Code     2  startup_tm4c123.o(.text)
    I2C4_Handler                             0x00000c1b   Thumb Code     2  startup_tm4c123.o(.text)
    I2C5_Handler                             0x00000c1d   Thumb Code     2  startup_tm4c123.o(.text)
    GPIOM_Handler                            0x00000c1f   Thumb Code     2  startup_tm4c123.o(.text)
    GPION_Handler                            0x00000c21   Thumb Code     2  startup_tm4c123.o(.text)
    QEI2_Handler                             0x00000c23   Thumb Code     2  startup_tm4c123.o(.text)
    GPIOP0_Handler                           0x00000c25   Thumb Code     2  startup_tm4c123.o(.text)
    GPIOP1_Handler                           0x00000c27   Thumb Code     2  startup_tm4c123.o(.text)
    GPIOP2_Handler                           0x00000c29   Thumb Code     2  startup_tm4c123.o(.text)
    GPIOP3_Handler                           0x00000c2b   Thumb Code     2  startup_tm4c123.o(.text)
    GPIOP4_Handler                           0x00000c2d   Thumb Code     2  startup_tm4c123.o(.text)
    GPIOP5_Handler                           0x00000c2f   Thumb Code     2  startup_tm4c123.o(.text)
    GPIOP6_Handler                           0x00000c31   Thumb Code     2  startup_tm4c123.o(.text)
    GPIOP7_Handler                           0x00000c33   Thumb Code     2  startup_tm4c123.o(.text)
    GPIOQ0_Handler                           0x00000c35   Thumb Code     2  startup_tm4c123.o(.text)
    GPIOQ1_Handler                           0x00000c37   Thumb Code     2  startup_tm4c123.o(.text)
    GPIOQ2_Handler                           0x00000c39   Thumb Code     2  startup_tm4c123.o(.text)
    GPIOQ3_Handler                           0x00000c3b   Thumb Code     2  startup_tm4c123.o(.text)
    GPIOQ4_Handler                           0x00000c3d   Thumb Code     2  startup_tm4c123.o(.text)
    GPIOQ5_Handler                           0x00000c3f   Thumb Code     2  startup_tm4c123.o(.text)
    GPIOQ6_Handler                           0x00000c41   Thumb Code     2  startup_tm4c123.o(.text)
    GPIOQ7_Handler                           0x00000c43   Thumb Code     2  startup_tm4c123.o(.text)
    GPIOR_Handler                            0x00000c45   Thumb Code     2  startup_tm4c123.o(.text)
    GPIOS_Handler                            0x00000c47   Thumb Code     2  startup_tm4c123.o(.text)
    PMW1_0_Handler                           0x00000c49   Thumb Code     2  startup_tm4c123.o(.text)
    PWM1_1_Handler                           0x00000c4b   Thumb Code     2  startup_tm4c123.o(.text)
    PWM1_2_Handler                           0x00000c4d   Thumb Code     2  startup_tm4c123.o(.text)
    PWM1_3_Handler                           0x00000c4f   Thumb Code     2  startup_tm4c123.o(.text)
    PWM1_FAULT_Handler                       0x00000c51   Thumb Code     2  startup_tm4c123.o(.text)
    SystemCoreClockUpdate                    0x00000d13   Thumb Code   184  system_tm4c123.o(.text)
    SystemInit                               0x00000dcb   Thumb Code   112  system_tm4c123.o(.text)
    GPIOF_Handler                            0x00000ea9   Thumb Code    66  interrupts.o(.text)
    ece210_buttons_read                      0x00000f3f   Thumb Code    58  ece210_api.o(.text)
    ece210_switches_read                     0x00000f79   Thumb Code    16  ece210_api.o(.text)
    ece210_red_leds_write                    0x00000f89   Thumb Code    14  ece210_api.o(.text)
    ece210_tiva_rgb_write                    0x00000f97   Thumb Code    18  ece210_api.o(.text)
    EnableInterrupts                         0x00000fa9   Thumb Code     4  ece210_api.o(.text)
    DisableInterrupts                        0x00000fad   Thumb Code     4  ece210_api.o(.text)
    ece210_ws2812b_write                     0x00000fb1   Thumb Code    78  ece210_api.o(.text)
    ece210_wait_mSec                         0x00000fff   Thumb Code    40  ece210_api.o(.text)
    ece210_ps2_read_x                        0x00001077   Thumb Code     8  ece210_api.o(.text)
    ece210_ps2_read_y                        0x0000107f   Thumb Code     8  ece210_api.o(.text)
    ece210_ps2_read_position                 0x00001087   Thumb Code    58  ece210_api.o(.text)
    ece210_audio_set_comparator_threshold    0x000010c1   Thumb Code    12  ece210_api.o(.text)
    ece210_audio_comparator_above_threshold  0x000010cd   Thumb Code     8  ece210_api.o(.text)
    ece210_audio_headphone_out               0x000010d5   Thumb Code    12  ece210_api.o(.text)
    ece210_draw_pixel                        0x000010e1   Thumb Code    24  ece210_api.o(.text)
    ece210_lcd_draw_pixel                    0x000010f9   Thumb Code    24  ece210_api.o(.text)
    ece210_lcd_draw_line                     0x00001111   Thumb Code    36  ece210_api.o(.text)
    ece210_lcd_draw_circle                   0x00001135   Thumb Code    28  ece210_api.o(.text)
    ece210_lcd_print_string                  0x00001151   Thumb Code    46  ece210_api.o(.text)
    ece210_audio_init                        0x0000117f   Thumb Code    12  ece210_api.o(.text)
    ece210_audio_read                        0x0000118b   Thumb Code     6  ece210_api.o(.text)
    ece210_wireless_init                     0x00001191   Thumb Code    68  ece210_api.o(.text)
    ece210_wireless_send                     0x000011d5   Thumb Code    26  ece210_api.o(.text)
    ece210_wireless_data_avaiable            0x000011ef   Thumb Code    30  ece210_api.o(.text)
    ece210_wireless_get                      0x0000120d   Thumb Code     6  ece210_api.o(.text)
    ece210_initialize_board                  0x00001213   Thumb Code    86  ece210_api.o(.text)
    ece210_lcd_add_msg                       0x00001269   Thumb Code    20  ece210_api.o(.text)
    ece210_lcd_draw_rectangle                0x0000127d   Thumb Code    36  ece210_api.o(.text)
    ece210_lcd_draw_image                    0x000012a1   Thumb Code    40  ece210_api.o(.text)
    TIMER1A_Handler                          0x000012c9   Thumb Code    72  ece210_api.o(.text)
    GPIOE_Handler                            0x00001311   Thumb Code    14  ece210_api.o(.text)
    timer0Init                               0x00001349   Thumb Code   124  gptimer.o(.text)
    gp_timer_enable_clock                    0x000013c5   Thumb Code   232  gptimer.o(.text)
    gp_timer_PWM                             0x000014ad   Thumb Code    66  gptimer.o(.text)
    gp_timer_start_count                     0x000014ef   Thumb Code    52  gptimer.o(.text)
    gp_timer_stop_count                      0x00001523   Thumb Code    18  gptimer.o(.text)
    gp_timer_configA                         0x00001535   Thumb Code    62  gptimer.o(.text)
    gp_timer_configB                         0x00001573   Thumb Code    66  gptimer.o(.text)
    gp_timer_config                          0x000015b5   Thumb Code    68  gptimer.o(.text)
    gp_timer_enable                          0x000015f9   Thumb Code    30  gptimer.o(.text)
    gp_timer_disable                         0x00001617   Thumb Code    30  gptimer.o(.text)
    gp_timer_get_count                       0x00001635   Thumb Code     8  gptimer.o(.text)
    gp_timer_set_32_bit_period               0x0000163d   Thumb Code    34  gptimer.o(.text)
    ft6x06_set_addr                          0x00001691   Thumb Code    58  ft6x06.o(.text)
    ft6x06_write_data                        0x000016cb   Thumb Code    82  ft6x06.o(.text)
    ft6x06_read_data                         0x0000171d   Thumb Code    58  ft6x06.o(.text)
    ft6x06_init                              0x00001757   Thumb Code   240  ft6x06.o(.text)
    test_ft6x06                              0x00001847   Thumb Code    98  ft6x06.o(.text)
    io_expander_write_reg                    0x00001949   Thumb Code    38  io_expander.o(.text)
    io_expander_read_reg                     0x0000196f   Thumb Code    50  io_expander.o(.text)
    io_expander_configure_portA              0x000019a1   Thumb Code    12  io_expander.o(.text)
    io_expander_configure_portB              0x000019ad   Thumb Code    36  io_expander.o(.text)
    io_expander_init                         0x000019d1   Thumb Code   256  io_expander.o(.text)
    delayms                                  0x00001ad9   Thumb Code    26  lcd.o(.text)
    lcd_set_pos                              0x00001b75   Thumb Code    58  lcd.o(.text)
    lcd_clear_screen                         0x00001baf   Thumb Code    52  lcd.o(.text)
    lcd_draw_box                             0x00001be3   Thumb Code   138  lcd.o(.text)
    lcd_draw_rectangle                       0x00001c6d   Thumb Code    82  lcd.o(.text)
    lcd_draw_pixel                           0x00001cbf   Thumb Code    28  lcd.o(.text)
    lcd_draw_char                            0x00001cdb   Thumb Code   558  lcd.o(.text)
    lcd_draw_image_right                     0x00001f09   Thumb Code   184  lcd.o(.text)
    lcd_draw_image                           0x00001fc1   Thumb Code   242  lcd.o(.text)
    lcd_config_gpio                          0x000020b3   Thumb Code   222  lcd.o(.text)
    lcd_config_screen                        0x00002191   Thumb Code   544  lcd.o(.text)
    lcd_draw_line                            0x000023b1   Thumb Code   200  lcd.o(.text)
    lcd_draw_circle                          0x00002479   Thumb Code   366  lcd.o(.text)
    lcd_print_char                           0x000025e7   Thumb Code   140  lcd_fonts.o(.text)
    lcd_print_string                         0x00002673   Thumb Code   262  lcd_fonts.o(.text)
    terminal_init_screen                     0x000027e5   Thumb Code    50  lcd_terminal.o(.text)
    terminal_get_strings                     0x00002817   Thumb Code   202  lcd_terminal.o(.text)
    terminal_scroll                          0x000028e1   Thumb Code   230  lcd_terminal.o(.text)
    terminal_add_msg                         0x000029c7   Thumb Code   224  lcd_terminal.o(.text)
    terminal_bubble_message                  0x00002aa7   Thumb Code   252  lcd_terminal.o(.text)
    terminal_input_print_char                0x00002ba3   Thumb Code   158  lcd_terminal.o(.text)
    terminal_init_input_box                  0x00002c41   Thumb Code   190  lcd_terminal.o(.text)
    terminal_input_rotate_char               0x00002cff   Thumb Code   410  lcd_terminal.o(.text)
    terminal_input_next_char                 0x00002e99   Thumb Code   322  lcd_terminal.o(.text)
    terminal_input_prev_char                 0x00002fdb   Thumb Code   154  lcd_terminal.o(.text)
    terminal_input_upper_case                0x00003075   Thumb Code    92  lcd_terminal.o(.text)
    terminal_input_lower_case                0x000030d1   Thumb Code    92  lcd_terminal.o(.text)
    terminal_input_symbols                   0x0000312d   Thumb Code    94  lcd_terminal.o(.text)
    terminal_input_clear                     0x0000318b   Thumb Code   202  lcd_terminal.o(.text)
    terminal_input_get_string                0x00003255   Thumb Code    48  lcd_terminal.o(.text)
    ps2_initialize_adc                       0x00003387   Thumb Code    88  ps2.o(.text)
    ps2_initialize                           0x0000342f   Thumb Code    16  ps2.o(.text)
    ps2_get_x                                0x0000343f   Thumb Code     6  ps2.o(.text)
    ps2_get_y                                0x00003445   Thumb Code     6  ps2.o(.text)
    ps2_get_direction                        0x0000344b   Thumb Code    12  ps2.o(.text)
    TIMER5A_Handler                          0x00003457   Thumb Code    30  ps2.o(.text)
    ADC0SS0_Handler                          0x00003475   Thumb Code   154  ps2.o(.text)
    ADC0SS2_Handler                          0x0000350f   Thumb Code    40  ps2.o(.text)
    serial_debug_rx                          0x00003589   Thumb Code    46  serial_debug.o(.text)
    serial_debug_tx                          0x000035b7   Thumb Code    72  serial_debug.o(.text)
    fputc                                    0x000035ff   Thumb Code    66  serial_debug.o(.text)
    fgetc                                    0x00003641   Thumb Code    50  serial_debug.o(.text)
    init_serial_debug                        0x00003673   Thumb Code   132  serial_debug.o(.text)
    UART0_Handler                            0x000036f7   Thumb Code   136  serial_debug.o(.text)
    wait_uS_15                               0x00003799   Thumb Code    14  wireless.o(.text)
    wireless_send_32                         0x000038dd   Thumb Code   302  wireless.o(.text)
    wireless_get_32                          0x00003a0b   Thumb Code   130  wireless.o(.text)
    wireless_configure_device                0x00003a8d   Thumb Code   202  wireless.o(.text)
    wireless_initialize                      0x00003b57   Thumb Code   202  wireless.o(.text)
    lp_io_set_pin                            0x00003cf1   Thumb Code    18  launchpad_io.o(.text)
    lp_io_clear_pin                          0x00003d03   Thumb Code    18  launchpad_io.o(.text)
    lp_io_read_pin                           0x00003d15   Thumb Code    22  launchpad_io.o(.text)
    lp_io_init                               0x00003d2b   Thumb Code   112  launchpad_io.o(.text)
    mezz_initialize_adc                      0x00003db5   Thumb Code   182  mezz_audio.o(.text)
    mezz_audio_dac_init                      0x00003e6b   Thumb Code   156  mezz_audio.o(.text)
    mezz_audio_set_headphone                 0x00003f07   Thumb Code    16  mezz_audio.o(.text)
    mezz_audio_set_comparator_threshold      0x00003f17   Thumb Code    16  mezz_audio.o(.text)
    mezz_audio_comparator_above_threshold    0x00003f27   Thumb Code    18  mezz_audio.o(.text)
    mezz_audio_init                          0x00003fd1   Thumb Code    40  mezz_audio.o(.text)
    TIMER3A_Handler                          0x00003ff9   Thumb Code    26  mezz_audio.o(.text)
    ADC1SS2_Handler                          0x00004013   Thumb Code    30  mezz_audio.o(.text)
    adc_get_irq_num                          0x0000408f   Thumb Code    32  adc.o(.text)
    adc_get_rcgc_mask                        0x000040af   Thumb Code    28  adc.o(.text)
    adc_get_pr_mask                          0x000040cb   Thumb Code    28  adc.o(.text)
    initialize_adc                           0x000040e7   Thumb Code   110  adc.o(.text)
    get_adc_value                            0x00004155   Thumb Code    58  adc.o(.text)
    gpio_get_irq_num                         0x000041dd   Thumb Code    74  gpio_port.o(.text)
    gpio_enable_port                         0x00004227   Thumb Code   156  gpio_port.o(.text)
    gpio_config_digital_enable               0x000042c3   Thumb Code    34  gpio_port.o(.text)
    gpio_config_enable_output                0x000042e5   Thumb Code    34  gpio_port.o(.text)
    gpio_config_enable_input                 0x00004307   Thumb Code    34  gpio_port.o(.text)
    gpio_config_enable_pullup                0x00004329   Thumb Code    34  gpio_port.o(.text)
    gpio_config_enable_pulldown              0x0000434b   Thumb Code    34  gpio_port.o(.text)
    gpio_config_analog_enable                0x0000436d   Thumb Code    34  gpio_port.o(.text)
    gpio_config_alternate_function           0x0000438f   Thumb Code    34  gpio_port.o(.text)
    gpio_config_port_control                 0x000043b1   Thumb Code    54  gpio_port.o(.text)
    gpio_config_open_drain                   0x000043e7   Thumb Code    34  gpio_port.o(.text)
    gpio_config_falling_edge_irq             0x00004409   Thumb Code    56  gpio_port.o(.text)
    initializeI2CMaster                      0x00004461   Thumb Code   160  i2c.o(.text)
    i2cVerifyBaseAddr                        0x00004501   Thumb Code    36  i2c.o(.text)
    i2cSetSlaveAddr                          0x00004525   Thumb Code    30  i2c.o(.text)
    i2cStop                                  0x00004543   Thumb Code    26  i2c.o(.text)
    I2CMasterBusy                            0x0000455d   Thumb Code    34  i2c.o(.text)
    I2CMasterAdrAck                          0x0000457f   Thumb Code    34  i2c.o(.text)
    I2CMasterDatAck                          0x000045a1   Thumb Code    34  i2c.o(.text)
    i2cSendByte                              0x000045c3   Thumb Code    82  i2c.o(.text)
    i2cGetByte                               0x00004615   Thumb Code    60  i2c.o(.text)
    pc_buffer_init                           0x00004669   Thumb Code    26  pc_buffer.o(.text)
    pc_buffer_add                            0x00004683   Thumb Code    28  pc_buffer.o(.text)
    pc_buffer_remove                         0x0000469f   Thumb Code    30  pc_buffer.o(.text)
    pc_buffer_empty                          0x000046bd   Thumb Code    18  pc_buffer.o(.text)
    pc_buffer_full                           0x000046cf   Thumb Code    22  pc_buffer.o(.text)
    spiVerifyBaseAddr                        0x000046e5   Thumb Code    34  spi.o(.text)
    initialize_spi                           0x00004707   Thumb Code   244  spi.o(.text)
    spiTx                                    0x000047fb   Thumb Code    94  spi.o(.text)
    verify_uart_base                         0x00004871   Thumb Code    54  uart.o(.text)
    uart_get_rcgc_mask                       0x000048a7   Thumb Code    68  uart.o(.text)
    uart_get_pr_mask                         0x000048eb   Thumb Code    68  uart.o(.text)
    uart_get_irq_num                         0x0000492f   Thumb Code    68  uart.o(.text)
    uart_tx_poll                             0x00004973   Thumb Code    38  uart.o(.text)
    uart_tx_poll_string                      0x00004999   Thumb Code    50  uart.o(.text)
    uart_rx_poll                             0x000049cb   Thumb Code    70  uart.o(.text)
    uart_init                                0x00004a11   Thumb Code   190  uart.o(.text)
    dac_byte_write                           0x00004ae1   Thumb Code    96  mcp47fvbxx.o(.text)
    dac_byte_read                            0x00004b41   Thumb Code   132  mcp47fvbxx.o(.text)
    dac_init                                 0x00004bc5   Thumb Code   154  mcp47fvbxx.o(.text)
    rand                                     0x00004c65   Thumb Code    20  rand.o(.text)
    srand                                    0x00004c79   Thumb Code     6  rand.o(.text)
    __aeabi_memset                           0x00004c89   Thumb Code    14  memseta.o(.text)
    __aeabi_memset4                          0x00004c89   Thumb Code     0  memseta.o(.text)
    __aeabi_memset8                          0x00004c89   Thumb Code     0  memseta.o(.text)
    __aeabi_memclr                           0x00004c97   Thumb Code     4  memseta.o(.text)
    __aeabi_memclr4                          0x00004c97   Thumb Code     0  memseta.o(.text)
    __aeabi_memclr8                          0x00004c97   Thumb Code     0  memseta.o(.text)
    _memset$wrapper                          0x00004c9b   Thumb Code    18  memseta.o(.text)
    strcpy                                   0x00004cad   Thumb Code    18  strcpy.o(.text)
    __aeabi_uldivmod                         0x00004cbf   Thumb Code    98  uldiv.o(.text)
    __scatterload                            0x00004d21   Thumb Code    28  init.o(.text)
    __scatterload_rt2                        0x00004d21   Thumb Code     0  init.o(.text)
    __aeabi_llsl                             0x00004d45   Thumb Code    30  llshl.o(.text)
    _ll_shift_l                              0x00004d45   Thumb Code     0  llshl.o(.text)
    __aeabi_llsr                             0x00004d63   Thumb Code    32  llushr.o(.text)
    _ll_ushift_r                             0x00004d63   Thumb Code     0  llushr.o(.text)
    WS2812B_write                            0x00004d85   Thumb Code   160  ws2812b_1.o(FLASH)
    __0printf$8                              0x00004e25   Thumb Code    22  printf8.o(i.__0printf$8)
    __1printf$8                              0x00004e25   Thumb Code     0  printf8.o(i.__0printf$8)
    __2printf                                0x00004e25   Thumb Code     0  printf8.o(i.__0printf$8)
    __0sprintf$8                             0x00004e45   Thumb Code    34  printf8.o(i.__0sprintf$8)
    __1sprintf$8                             0x00004e45   Thumb Code     0  printf8.o(i.__0sprintf$8)
    __2sprintf                               0x00004e45   Thumb Code     0  printf8.o(i.__0sprintf$8)
    __scatterload_copy                       0x00004e6d   Thumb Code    14  handlers.o(i.__scatterload_copy)
    __scatterload_null                       0x00004e7b   Thumb Code     2  handlers.o(i.__scatterload_null)
    __scatterload_zeroinit                   0x00004e7d   Thumb Code    14  handlers.o(i.__scatterload_zeroinit)
    free                                     0x000052f9   Thumb Code    76  malloc.o(i.free)
    malloc                                   0x00005349   Thumb Code    92  malloc.o(i.malloc)
    calibri_14ptBitmaps                      0x000053b4   Data        2074  lcd_fonts.o(.constdata)
    calibri_14ptDescriptors                  0x00005bce   Data         380  lcd_fonts.o(.constdata)
    calibri_14ptFontInfo                     0x00005d4c   Data          12  lcd_fonts.o(.constdata)
    calibri_48ptBitmaps                      0x00005d58   Data        1680  lcd_fonts.o(.constdata)
    calibri_48ptDescriptors                  0x000063e8   Data          40  lcd_fonts.o(.constdata)
    calibri_48ptFontInfo                     0x00006410   Data          12  lcd_fonts.o(.constdata)
    Region$$Table$$Base                      0x000064b4   Number         0  anon$$obj.o(Region$$Table)
    Region$$Table$$Limit                     0x000064d4   Number         0  anon$$obj.o(Region$$Table)
    weaponList                               0x20000000   Data         176  main.o(.data)
    myShip                                   0x200000b0   Data           6  main.o(.data)
    status                                   0x200000b8   Data          12  main.o(.data)
    STATUS_DEAD                              0x200000c4   Data           1  main.o(.data)
    buttons                                  0x200000c5   Data           1  main.o(.data)
    convertValuesHex                         0x200000c6   Data           9  main.o(.data)
    convertValuesInt                         0x200000cf   Data          12  main.o(.data)
    greenLight                               0x200000db   Data           3  main.o(.data)
    redLight                                 0x200000de   Data           3  main.o(.data)
    yellowLight                              0x200000e1   Data           3  main.o(.data)
    blueLight                                0x200000e4   Data           3  main.o(.data)
    o2FireMultiplier                         0x200000e7   Data           1  main.o(.data)
    o2BreachMultiplier                       0x200000e8   Data           1  main.o(.data)
    fireDamagePeriod                         0x200000e9   Data           1  main.o(.data)
    wirelessOn                               0x200000ea   Data           1  main.o(.data)
    SystemCoreClock                          0x200000ec   Data           4  system_tm4c123.o(.data)
    AlertTouch                               0x200000f0   Data           1  interrupts.o(.data)
    AlertButtons                             0x200000f1   Data           1  interrupts.o(.data)
    ALERT_AUDIO_COMP                         0x200000f4   Data           1  ece210_api.o(.data)
    User_Input_Index                         0x200000fc   Data           1  lcd_terminal.o(.data)
    AUDIO_DATA                               0x20000106   Data           2  mezz_audio.o(.data)
    ALERT_ADC                                0x20000108   Data           1  mezz_audio.o(.data)
    __stdout                                 0x2000010c   Data           4  stdout.o(.data)
    __microlib_freelist                      0x20000114   Data           4  mvars.o(.data)
    __microlib_freelist_initialised          0x20000118   Data           4  mvars.o(.data)
    LCD_Terminal                             0x20000134   Data        1540  lcd_terminal.o(.bss)
    User_Input                               0x20000738   Data         960  lcd_terminal.o(.bss)
    UART0_Tx_Buffer                          0x20000af8   Data          14  serial_debug.o(.bss)
    UART0_Rx_Buffer                          0x20000b06   Data          14  serial_debug.o(.bss)
    __heap_base                              0x20000b18   Data           0  startup_tm4c123.o(HEAP)
    __heap_limit                             0x20000b18   Data           0  startup_tm4c123.o(HEAP)
    __initial_sp                             0x20001b18   Data           0  startup_tm4c123.o(STACK)



==============================================================================

Memory Map of the image

  Image Entry point : 0x00000b61

  Load Region LR_1 (Base: 0x00000000, Size: 0x000065f0, Max: 0xffffffff, ABSOLUTE)

    Execution Region ER_RO (Exec base: 0x00000000, Load base: 0x00000000, Size: 0x000064d4, Max: 0xffffffff, ABSOLUTE)

    Exec Addr    Load Addr    Size         Type   Attr      Idx    E Section Name        Object

    0x00000000   0x00000000   0x0000026c   Data   RO          113    RESET               startup_tm4c123.o
    0x0000026c   0x0000026c   0x00000000   Code   RO          810  * .ARM.Collect$$$$00000000  mc_w.l(entry.o)
    0x0000026c   0x0000026c   0x00000004   Code   RO         1112    .ARM.Collect$$$$00000001  mc_w.l(entry2.o)
    0x00000270   0x00000270   0x00000004   Code   RO         1115    .ARM.Collect$$$$00000004  mc_w.l(entry5.o)
    0x00000274   0x00000274   0x00000000   Code   RO         1117    .ARM.Collect$$$$00000008  mc_w.l(entry7b.o)
    0x00000274   0x00000274   0x00000000   Code   RO         1119    .ARM.Collect$$$$0000000A  mc_w.l(entry8b.o)
    0x00000274   0x00000274   0x00000008   Code   RO         1120    .ARM.Collect$$$$0000000B  mc_w.l(entry9a.o)
    0x0000027c   0x0000027c   0x00000000   Code   RO         1122    .ARM.Collect$$$$0000000D  mc_w.l(entry10a.o)
    0x0000027c   0x0000027c   0x00000000   Code   RO         1124    .ARM.Collect$$$$0000000F  mc_w.l(entry11a.o)
    0x0000027c   0x0000027c   0x00000004   Code   RO         1113    .ARM.Collect$$$$00002712  mc_w.l(entry2.o)
    0x00000280   0x00000280   0x00000888   Code   RO            4    .text               main.o
    0x00000b08   0x00000b08   0x00000056   Code   RO           87    .text               lab_buttons.o
    0x00000b5e   0x00000b5e   0x00000002   PAD
    0x00000b60   0x00000b60   0x000000fc   Code   RO          114  * .text               startup_tm4c123.o
    0x00000c5c   0x00000c5c   0x0000024c   Code   RO          121    .text               system_tm4c123.o
    0x00000ea8   0x00000ea8   0x00000050   Code   RO          151    .text               ece210.lib(interrupts.o)
    0x00000ef8   0x00000ef8   0x00000430   Code   RO          238    .text               ece210.lib(ece210_api.o)
    0x00001328   0x00001328   0x00000368   Code   RO          323    .text               ece210.lib(gptimer.o)
    0x00001690   0x00001690   0x000002b8   Code   RO          351    .text               ece210.lib(ft6x06.o)
    0x00001948   0x00001948   0x00000190   Code   RO          379    .text               ece210.lib(io_expander.o)
    0x00001ad8   0x00001ad8   0x00000b0e   Code   RO          410    .text               ece210.lib(lcd.o)
    0x000025e6   0x000025e6   0x00000192   Code   RO          434    .text               ece210.lib(lcd_fonts.o)
    0x00002778   0x00002778   0x00000b18   Code   RO          464    .text               ece210.lib(lcd_terminal.o)
    0x00003290   0x00003290   0x000002f8   Code   RO          502    .text               ece210.lib(ps2.o)
    0x00003588   0x00003588   0x00000210   Code   RO          532    .text               ece210.lib(serial_debug.o)
    0x00003798   0x00003798   0x00000558   Code   RO          568    .text               ece210.lib(wireless.o)
    0x00003cf0   0x00003cf0   0x000000c4   Code   RO          603    .text               ece210.lib(launchpad_io.o)
    0x00003db4   0x00003db4   0x000002c0   Code   RO          627    .text               ece210.lib(mezz_audio.o)
    0x00004074   0x00004074   0x00000128   Code   RO          657    .text               ece210.lib(adc.o)
    0x0000419c   0x0000419c   0x000002c4   Code   RO          681    .text               ece210.lib(gpio_port.o)
    0x00004460   0x00004460   0x00000208   Code   RO          705    .text               ece210.lib(i2c.o)
    0x00004668   0x00004668   0x0000007c   Code   RO          726    .text               ece210.lib(pc_buffer.o)
    0x000046e4   0x000046e4   0x0000018c   Code   RO          741    .text               ece210.lib(spi.o)
    0x00004870   0x00004870   0x00000270   Code   RO          765    .text               ece210.lib(uart.o)
    0x00004ae0   0x00004ae0   0x00000184   Code   RO          789    .text               ece210.lib(mcp47fvbxx.o)
    0x00004c64   0x00004c64   0x00000024   Code   RO          814    .text               mc_w.l(rand.o)
    0x00004c88   0x00004c88   0x00000024   Code   RO          819    .text               mc_w.l(memseta.o)
    0x00004cac   0x00004cac   0x00000012   Code   RO          821    .text               mc_w.l(strcpy.o)
    0x00004cbe   0x00004cbe   0x00000062   Code   RO         1128    .text               mc_w.l(uldiv.o)
    0x00004d20   0x00004d20   0x00000024   Code   RO         1147    .text               mc_w.l(init.o)
    0x00004d44   0x00004d44   0x0000001e   Code   RO         1149    .text               mc_w.l(llshl.o)
    0x00004d62   0x00004d62   0x00000020   Code   RO         1151    .text               mc_w.l(llushr.o)
    0x00004d82   0x00004d82   0x00000002   PAD
    0x00004d84   0x00004d84   0x000000a0   Code   RO          596    FLASH               ece210.lib(ws2812b_1.o)
    0x00004e24   0x00004e24   0x00000020   Code   RO         1030    i.__0printf$8       mc_w.l(printf8.o)
    0x00004e44   0x00004e44   0x00000028   Code   RO         1032    i.__0sprintf$8      mc_w.l(printf8.o)
    0x00004e6c   0x00004e6c   0x0000000e   Code   RO         1159    i.__scatterload_copy  mc_w.l(handlers.o)
    0x00004e7a   0x00004e7a   0x00000002   Code   RO         1160    i.__scatterload_null  mc_w.l(handlers.o)
    0x00004e7c   0x00004e7c   0x0000000e   Code   RO         1161    i.__scatterload_zeroinit  mc_w.l(handlers.o)
    0x00004e8a   0x00004e8a   0x00000002   PAD
    0x00004e8c   0x00004e8c   0x00000410   Code   RO         1037    i._printf_core      mc_w.l(printf8.o)
    0x0000529c   0x0000529c   0x00000024   Code   RO         1038    i._printf_post_padding  mc_w.l(printf8.o)
    0x000052c0   0x000052c0   0x0000002e   Code   RO         1039    i._printf_pre_padding  mc_w.l(printf8.o)
    0x000052ee   0x000052ee   0x0000000a   Code   RO         1041    i._sputc            mc_w.l(printf8.o)
    0x000052f8   0x000052f8   0x00000050   Code   RO         1084    i.free              mc_w.l(malloc.o)
    0x00005348   0x00005348   0x0000006c   Code   RO         1085    i.malloc            mc_w.l(malloc.o)
    0x000053b4   0x000053b4   0x00001068   Data   RO          435    .constdata          ece210.lib(lcd_fonts.o)
    0x0000641c   0x0000641c   0x00000096   Data   RO            5    .conststring        main.o
    0x000064b2   0x000064b2   0x00000002   PAD
    0x000064b4   0x000064b4   0x00000020   Data   RO         1157    Region$$Table       anon$$obj.o


    Execution Region ER_RW (Exec base: 0x20000000, Load base: 0x000064d4, Size: 0x0000011c, Max: 0xffffffff, ABSOLUTE)

    Exec Addr    Load Addr    Size         Type   Attr      Idx    E Section Name        Object

    0x20000000   0x000064d4   0x000000eb   Data   RW            6    .data               main.o
    0x200000eb   0x000065bf   0x00000001   PAD
    0x200000ec   0x000065c0   0x00000004   Data   RW          122    .data               system_tm4c123.o
    0x200000f0   0x000065c4   0x00000002   Data   RW          152    .data               ece210.lib(interrupts.o)
    0x200000f2   0x000065c6   0x00000002   PAD
    0x200000f4   0x000065c8   0x00000008   Data   RW          240    .data               ece210.lib(ece210_api.o)
    0x200000fc   0x000065d0   0x00000001   Data   RW          466    .data               ece210.lib(lcd_terminal.o)
    0x200000fd   0x000065d1   0x00000001   PAD
    0x200000fe   0x000065d2   0x00000005   Data   RW          503    .data               ece210.lib(ps2.o)
    0x20000103   0x000065d7   0x00000002   Data   RW          534    .data               ece210.lib(serial_debug.o)
    0x20000105   0x000065d9   0x00000001   PAD
    0x20000106   0x000065da   0x00000003   Data   RW          628    .data               ece210.lib(mezz_audio.o)
    0x20000109   0x000065dd   0x00000003   PAD
    0x2000010c   0x000065e0   0x00000004   Data   RW          813    .data               mc_w.l(stdout.o)
    0x20000110   0x000065e4   0x00000004   Data   RW          815    .data               mc_w.l(rand.o)
    0x20000114   0x000065e8   0x00000004   Data   RW         1134    .data               mc_w.l(mvars.o)
    0x20000118   0x000065ec   0x00000004   Data   RW         1135    .data               mc_w.l(mvars.o)


    Execution Region ER_ZI (Exec base: 0x2000011c, Load base: 0x000065f0, Size: 0x000019fc, Max: 0xffffffff, ABSOLUTE)

    Exec Addr    Load Addr    Size         Type   Attr      Idx    E Section Name        Object

    0x2000011c        -       0x00000018   Zero   RW          239    .bss                ece210.lib(ece210_api.o)
    0x20000134        -       0x000009c4   Zero   RW          465    .bss                ece210.lib(lcd_terminal.o)
    0x20000af8        -       0x0000001c   Zero   RW          533    .bss                ece210.lib(serial_debug.o)
    0x20000b14   0x000065f0   0x00000004   PAD
    0x20000b18        -       0x00000000   Zero   RW          112    HEAP                startup_tm4c123.o
    0x20000b18        -       0x00001000   Zero   RW          111    STACK               startup_tm4c123.o


==============================================================================

Image component sizes


      Code (inc. data)   RO Data    RW Data    ZI Data      Debug   Object Name

        86          0          0          0          0       1257   lab_buttons.o
      2184        524        150        235          0      11279   main.o
       252         10        620          0       4096       5456   startup_tm4c123.o
       588        134          0          4          0       1585   system_tm4c123.o

    ----------------------------------------------------------------------
      3112        668        804        240       4096      19577   Object Totals
         0          0         32          0          0          0   (incl. Generated)
         2          0          2          1          0          0   (incl. Padding)

    ----------------------------------------------------------------------

      Code (inc. data)   RO Data    RW Data    ZI Data      Debug   Library Member Name

       296         14          0          0          0       2645   adc.o
      1072         62          0          8         24      23508   ece210_api.o
       696        160          0          0          0      29084   ft6x06.o
       708         32          0          0          0       5174   gpio_port.o
       872         28          0          0          0      31273   gptimer.o
       520         24          0          0          0       3689   i2c.o
        80         14          0          2          0      26614   interrupts.o
       400          8          0          0          0       1670   io_expander.o
       196         26          0          0          0       1834   launchpad_io.o
      2830         38          0          0          0       7764   lcd.o
       402          0       4200          0          0       3450   lcd_fonts.o
      2840         40          0          1       2500       6101   lcd_terminal.o
       388          6          0          0          0       1768   mcp47fvbxx.o
       704         46          0          3          0       3796   mezz_audio.o
       124          0          0          0          0       1955   pc_buffer.o
       760         60          0          5          0      29881   ps2.o
       528         26          0          2         28       5561   serial_debug.o
       396         24          0          0          0       1881   spi.o
       624         50          0          0          0       3376   uart.o
      1368         28          0          0          0      12392   wireless.o
       160          0          0          0          0        480   ws2812b_1.o
         0          0          0          0          0          0   entry.o
         0          0          0          0          0          0   entry10a.o
         0          0          0          0          0          0   entry11a.o
         8          4          0          0          0          0   entry2.o
         4          0          0          0          0          0   entry5.o
         0          0          0          0          0          0   entry7b.o
         0          0          0          0          0          0   entry8b.o
         8          4          0          0          0          0   entry9a.o
        30          0          0          0          0          0   handlers.o
        36          8          0          0          0         68   init.o
        30          0          0          0          0         68   llshl.o
        32          0          0          0          0         68   llushr.o
       188         20          0          0          0        160   malloc.o
        36          0          0          0          0        108   memseta.o
         0          0          0          8          0          0   mvars.o
      1204         60          0          0          0        504   printf8.o
        36         10          0          4          0        136   rand.o
         0          0          0          4          0          0   stdout.o
        18          0          0          0          0         68   strcpy.o
        98          0          0          0          0         92   uldiv.o

    ----------------------------------------------------------------------
     17696        792       4200         44       2556     205168   Library Totals
         4          0          0          7          4          0   (incl. Padding)

    ----------------------------------------------------------------------

      Code (inc. data)   RO Data    RW Data    ZI Data      Debug   Library Name

     15964        686       4200         21       2552     203896   ece210.lib
      1728        106          0         16          0       1272   mc_w.l

    ----------------------------------------------------------------------
     17696        792       4200         44       2556     205168   Library Totals

    ----------------------------------------------------------------------

==============================================================================


      Code (inc. data)   RO Data    RW Data    ZI Data      Debug   

     20808       1460       5004        284       6652     220077   Grand Totals
     20808       1460       5004        284       6652     220077   ELF Image Totals
     20808       1460       5004        284          0          0   ROM Totals

==============================================================================

    Total RO  Size (Code + RO Data)                25812 (  25.21kB)
    Total RW  Size (RW Data + ZI Data)              6936 (   6.77kB)
    Total ROM Size (Code + RO Data + RW Data)      26096 (  25.48kB)

==============================================================================

